<html>
<body>
<pre>
<h1>µVision Build Log</h1>
<h2>Tool Versions:</h2>
IDE-Version: ¦ÌVision V5.40.0.0
Copyright (C) 2024 ARM Ltd and ARM Germany GmbH. All rights reserved.
License Information: d lyy, d, LIC=HN0AE-5M4HS-30WNC-7TM1P-9KMDU-36B4N
 
Tool Versions:
Toolchain:       MDK-ARM Plus  Version: 5.40.0.3
Toolchain Path:  C:\Users\lyy\AppData\Local\Keil_v5\ARM\ARMCLANG\Bin
C Compiler:      ArmClang.exe V6.22
Assembler:       Armasm.exe V6.22
Linker/Locator:  ArmLink.exe V6.22
Library Manager: ArmAr.exe V6.22
Hex Converter:   FromElf.exe V6.22
CPU DLL:         SARMCM3.DLL V5.40.0.3
Dialog DLL:      DCM.DLL V1.17.5.0
Target DLL:      Segger\JL2CM3.dll V2.99.44.0
Dialog DLL:      TCM.DLL V1.56.4.0
 
<h2>Project:</h2>
D:\dgx\code\1_STM32\T3_STM32\DeepSleep\MDK-ARM\DeepSleep.uvprojx
Project File Date:  09/05/2024

<h2>Output:</h2>
*** Using Compiler 'V6.22', folder: 'C:\Users\lyy\AppData\Local\Keil_v5\ARM\ARMCLANG\Bin'
Build target 'DeepSleep'
armclang: warning: '--target=armv7em-arm-none-eabi' is not supported. Supported values for this option are 'arm-arm-none-eabi' or 'aarch64-arm-none-eabi' [-Wunsupported-option]
assembling startup_stm32wl55xx_cm4.s...
compiling gpio.c...
compiling stm32wlxx_hal_tim.c...
compiling stm32wlxx_hal_tim_ex.c...
compiling stm32wlxx_hal_msp.c...
compiling stm32wlxx_it.c...
compiling stm32wlxx_hal_pwr.c...
compiling main.c...
compiling stm32wlxx_hal_rcc_ex.c...
compiling stm32wlxx_hal_pwr_ex.c...
compiling stm32wlxx_hal_rcc.c...
compiling stm32wlxx_hal_flash.c...
compiling stm32wlxx_hal_gpio.c...
compiling stm32wlxx_hal_dma_ex.c...
compiling stm32wlxx_hal_cortex.c...
compiling system_stm32wlxx.c...
compiling stm32wlxx_hal_exti.c...
compiling stm32wlxx_hal_flash_ex.c...
compiling stm32wlxx_hal.c...
compiling stm32wlxx_hal_dma.c...
linking...
Program Size: Code=5068 RO-data=484 RW-data=12 ZI-data=34412  
FromELF: creating hex file...
"DeepSleep\DeepSleep.axf" - 0 Error(s), 1 Warning(s).

<h2>Software Packages used:</h2>

Package Vendor: ARM
                https://www.keil.com/pack/ARM.CMSIS.6.1.0.pack
                ARM::CMSIS@6.1.0
                CMSIS (Common Microcontroller Software Interface Standard)
   * Component: CORE Version: 6.1.0

Package Vendor: Keil
                https://www.keil.com/pack/Keil.STM32WLxx_DFP.1.2.0.pack
                Keil::STM32WLxx_DFP@1.2.0
                STMicroelectronics STM32WL Series Device Support

<h2>Collection of Component include folders:</h2>
  ./RTE/_DeepSleep
  C:/Users/lyy/AppData/Local/Arm/Packs/ARM/CMSIS/6.1.0/CMSIS/Core/Include
  C:/Users/lyy/AppData/Local/Arm/Packs/Keil/STM32WLxx_DFP/1.2.0/Drivers/CMSIS/Device/ST/STM32WLxx/Include

<h2>Collection of Component Files used:</h2>

   * Component: ARM::CMSIS:CORE@6.1.0
      Include file:  CMSIS/Core/Include/tz_context.h
Build Time Elapsed:  00:00:02
</pre>
</body>
</html>
