Component: Arm Compiler for Embedded 6.22 Tool: armlink [5ee90200]

==============================================================================

Section Cross References

    startup_stm32wl55xx_cm4.o(STACK) refers (Special) to heapauxi.o(.text) for __use_two_region_memory
    startup_stm32wl55xx_cm4.o(HEAP) refers (Special) to heapauxi.o(.text) for __use_two_region_memory
    startup_stm32wl55xx_cm4.o(RESET) refers (Special) to heapauxi.o(.text) for __use_two_region_memory
    startup_stm32wl55xx_cm4.o(RESET) refers to startup_stm32wl55xx_cm4.o(STACK) for __initial_sp
    startup_stm32wl55xx_cm4.o(RESET) refers to startup_stm32wl55xx_cm4.o(.text) for Reset_Handler
    startup_stm32wl55xx_cm4.o(RESET) refers to stm32wlxx_it.o(.text.NMI_Handler) for NMI_Handler
    startup_stm32wl55xx_cm4.o(RESET) refers to stm32wlxx_it.o(.text.HardFault_Handler) for HardFault_Handler
    startup_stm32wl55xx_cm4.o(RESET) refers to stm32wlxx_it.o(.text.MemManage_Handler) for MemManage_Handler
    startup_stm32wl55xx_cm4.o(RESET) refers to stm32wlxx_it.o(.text.BusFault_Handler) for BusFault_Handler
    startup_stm32wl55xx_cm4.o(RESET) refers to stm32wlxx_it.o(.text.UsageFault_Handler) for UsageFault_Handler
    startup_stm32wl55xx_cm4.o(RESET) refers to stm32wlxx_it.o(.text.SVC_Handler) for SVC_Handler
    startup_stm32wl55xx_cm4.o(RESET) refers to stm32wlxx_it.o(.text.DebugMon_Handler) for DebugMon_Handler
    startup_stm32wl55xx_cm4.o(RESET) refers to stm32wlxx_it.o(.text.PendSV_Handler) for PendSV_Handler
    startup_stm32wl55xx_cm4.o(RESET) refers to stm32wlxx_it.o(.text.SysTick_Handler) for SysTick_Handler
    startup_stm32wl55xx_cm4.o(.text) refers (Special) to heapauxi.o(.text) for __use_two_region_memory
    startup_stm32wl55xx_cm4.o(.text) refers to system_stm32wlxx.o(.text.SystemInit) for SystemInit
    startup_stm32wl55xx_cm4.o(.text) refers to __main.o(!!!main) for __main
    startup_stm32wl55xx_cm4.o(.text) refers to startup_stm32wl55xx_cm4.o(HEAP) for Heap_Mem
    startup_stm32wl55xx_cm4.o(.text) refers to startup_stm32wl55xx_cm4.o(STACK) for Stack_Mem
    main.o(.text.SystemClock_Decrease) refers to rt_memclr_w.o(.text) for __aeabi_memclr4
    main.o(.text.SystemClock_Decrease) refers to stm32wlxx_hal_rcc.o(.text.HAL_RCC_OscConfig) for HAL_RCC_OscConfig
    main.o(.text.SystemClock_Decrease) refers to stm32wlxx_hal_rcc.o(.text.HAL_RCC_ClockConfig) for HAL_RCC_ClockConfig
    main.o(.ARM.exidx.text.SystemClock_Decrease) refers to main.o(.text.SystemClock_Decrease) for [Anonymous Symbol]
    main.o(.ARM.exidx.text.Error_Handler) refers to main.o(.text.Error_Handler) for [Anonymous Symbol]
    main.o(.text.HAL_SYSTICK_Callback) refers to main.o(.bss.TimingDelay) for TimingDelay
    main.o(.text.HAL_SYSTICK_Callback) refers to stm32wlxx_hal_gpio.o(.text.HAL_GPIO_ReadPin) for HAL_GPIO_ReadPin
    main.o(.text.HAL_SYSTICK_Callback) refers to stm32wlxx_hal_gpio.o(.text.HAL_GPIO_WritePin) for HAL_GPIO_WritePin
    main.o(.ARM.exidx.text.HAL_SYSTICK_Callback) refers to main.o(.text.HAL_SYSTICK_Callback) for [Anonymous Symbol]
    main.o(.text.main) refers to stm32wlxx_hal.o(.text.HAL_Init) for HAL_Init
    main.o(.text.main) refers to rt_memclr_w.o(.text) for __aeabi_memclr4
    main.o(.text.main) refers to stm32wlxx_hal_rcc.o(.text.HAL_RCC_OscConfig) for HAL_RCC_OscConfig
    main.o(.text.main) refers to stm32wlxx_hal_rcc.o(.text.HAL_RCC_ClockConfig) for HAL_RCC_ClockConfig
    main.o(.text.main) refers to gpio.o(.text.MX_GPIO_Init) for MX_GPIO_Init
    main.o(.text.main) refers to stm32wlxx_hal_pwr_ex.o(.text.HAL_PWREx_EnableFlashPowerDown) for HAL_PWREx_EnableFlashPowerDown
    main.o(.text.main) refers to stm32wlxx_hal.o(.text.HAL_Delay) for HAL_Delay
    main.o(.text.main) refers to stm32wlxx_hal.o(.text.HAL_SuspendTick) for HAL_SuspendTick
    main.o(.text.main) refers to stm32wlxx_hal_gpio.o(.text.HAL_GPIO_WritePin) for HAL_GPIO_WritePin
    main.o(.text.main) refers to stm32wlxx_hal_pwr.o(.text.HAL_PWR_EnterSLEEPMode) for HAL_PWR_EnterSLEEPMode
    main.o(.text.main) refers to stm32wlxx_hal_pwr_ex.o(.text.HAL_PWREx_DisableLowPowerRunMode) for HAL_PWREx_DisableLowPowerRunMode
    main.o(.text.main) refers to stm32wlxx_hal.o(.text.HAL_ResumeTick) for HAL_ResumeTick
    main.o(.ARM.exidx.text.main) refers to main.o(.text.main) for [Anonymous Symbol]
    main.o(.text.SystemClock_Config) refers to rt_memclr_w.o(.text) for __aeabi_memclr4
    main.o(.text.SystemClock_Config) refers to stm32wlxx_hal_rcc.o(.text.HAL_RCC_OscConfig) for HAL_RCC_OscConfig
    main.o(.text.SystemClock_Config) refers to stm32wlxx_hal_rcc.o(.text.HAL_RCC_ClockConfig) for HAL_RCC_ClockConfig
    main.o(.ARM.exidx.text.SystemClock_Config) refers to main.o(.text.SystemClock_Config) for [Anonymous Symbol]
    gpio.o(.text.MX_GPIO_Init) refers to stm32wlxx_hal_gpio.o(.text.HAL_GPIO_WritePin) for HAL_GPIO_WritePin
    gpio.o(.text.MX_GPIO_Init) refers to stm32wlxx_hal_gpio.o(.text.HAL_GPIO_Init) for HAL_GPIO_Init
[...]
    Removing stm32wlxx_hal_pwr.o(.ARM.exidx.text.HAL_PWR_DisablePVD), (8 bytes).
    Removing stm32wlxx_hal_pwr.o(.text.HAL_PWR_EnableWakeUpPin), (30 bytes).
    Removing stm32wlxx_hal_pwr.o(.ARM.exidx.text.HAL_PWR_EnableWakeUpPin), (8 bytes).
    Removing stm32wlxx_hal_pwr.o(.text.HAL_PWR_DisableWakeUpPin), (24 bytes).
    Removing stm32wlxx_hal_pwr.o(.ARM.exidx.text.HAL_PWR_DisableWakeUpPin), (8 bytes).
    Removing stm32wlxx_hal_pwr.o(.ARM.exidx.text.HAL_PWR_EnterSLEEPMode), (8 bytes).
    Removing stm32wlxx_hal_pwr.o(.text.HAL_PWR_EnterSTOPMode), (16 bytes).
    Removing stm32wlxx_hal_pwr.o(.ARM.exidx.text.HAL_PWR_EnterSTOPMode), (8 bytes).
    Removing stm32wlxx_hal_pwr.o(.text.HAL_PWR_EnterSTANDBYMode), (38 bytes).
    Removing stm32wlxx_hal_pwr.o(.ARM.exidx.text.HAL_PWR_EnterSTANDBYMode), (8 bytes).
    Removing stm32wlxx_hal_pwr.o(.text.HAL_PWR_EnableSleepOnExit), (18 bytes).
    Removing stm32wlxx_hal_pwr.o(.ARM.exidx.text.HAL_PWR_EnableSleepOnExit), (8 bytes).
    Removing stm32wlxx_hal_pwr.o(.text.HAL_PWR_DisableSleepOnExit), (18 bytes).
    Removing stm32wlxx_hal_pwr.o(.ARM.exidx.text.HAL_PWR_DisableSleepOnExit), (8 bytes).
    Removing stm32wlxx_hal_pwr.o(.text.HAL_PWR_EnableSEVOnPend), (18 bytes).
    Removing stm32wlxx_hal_pwr.o(.ARM.exidx.text.HAL_PWR_EnableSEVOnPend), (8 bytes).
    Removing stm32wlxx_hal_pwr.o(.text.HAL_PWR_DisableSEVOnPend), (18 bytes).
    Removing stm32wlxx_hal_pwr.o(.ARM.exidx.text.HAL_PWR_DisableSEVOnPend), (8 bytes).
    Removing stm32wlxx_hal_pwr.o(.text.HAL_PWR_PVDCallback), (2 bytes).
    Removing stm32wlxx_hal_pwr.o(.ARM.exidx.text.HAL_PWR_PVDCallback), (8 bytes).
    Removing stm32wlxx_hal_pwr_ex.o(.text), (0 bytes).
    Removing stm32wlxx_hal_pwr_ex.o(.ARM.exidx.text.HAL_PWREx_GetVoltageRange), (8 bytes).
    Removing stm32wlxx_hal_pwr_ex.o(.text.HAL_PWREx_ControlVoltageScaling), (140 bytes).
    Removing stm32wlxx_hal_pwr_ex.o(.ARM.exidx.text.HAL_PWREx_ControlVoltageScaling), (8 bytes).
    Removing stm32wlxx_hal_pwr_ex.o(.text.HAL_PWREx_EnableBatteryCharging), (28 bytes).
    Removing stm32wlxx_hal_pwr_ex.o(.ARM.exidx.text.HAL_PWREx_EnableBatteryCharging), (8 bytes).
    Removing stm32wlxx_hal_pwr_ex.o(.text.HAL_PWREx_DisableBatteryCharging), (18 bytes).
    Removing stm32wlxx_hal_pwr_ex.o(.ARM.exidx.text.HAL_PWREx_DisableBatteryCharging), (8 bytes).
    Removing stm32wlxx_hal_pwr_ex.o(.text.HAL_PWREx_EnableInternalWakeUpLine), (18 bytes).
    Removing stm32wlxx_hal_pwr_ex.o(.ARM.exidx.text.HAL_PWREx_EnableInternalWakeUpLine), (8 bytes).
    Removing stm32wlxx_hal_pwr_ex.o(.text.HAL_PWREx_DisableInternalWakeUpLine), (18 bytes).
    Removing stm32wlxx_hal_pwr_ex.o(.ARM.exidx.text.HAL_PWREx_DisableInternalWakeUpLine), (8 bytes).
    Removing stm32wlxx_hal_pwr_ex.o(.text.HAL_PWREx_SetRadioBusyPolarity), (20 bytes).
    Removing stm32wlxx_hal_pwr_ex.o(.ARM.exidx.text.HAL_PWREx_SetRadioBusyPolarity), (8 bytes).
    Removing stm32wlxx_hal_pwr_ex.o(.text.HAL_PWREx_SetRadioBusyTrigger), (20 bytes).
    Removing stm32wlxx_hal_pwr_ex.o(.ARM.exidx.text.HAL_PWREx_SetRadioBusyTrigger), (8 bytes).
    Removing stm32wlxx_hal_pwr_ex.o(.text.HAL_PWREx_SetRadioIRQTrigger), (20 bytes).
    Removing stm32wlxx_hal_pwr_ex.o(.ARM.exidx.text.HAL_PWREx_SetRadioIRQTrigger), (8 bytes).
    Removing stm32wlxx_hal_pwr_ex.o(.text.HAL_PWREx_EnableHOLDC2IT), (18 bytes).
    Removing stm32wlxx_hal_pwr_ex.o(.ARM.exidx.text.HAL_PWREx_EnableHOLDC2IT), (8 bytes).
    Removing stm32wlxx_hal_pwr_ex.o(.text.HAL_PWREx_DisableHOLDC2IT), (18 bytes).
    Removing stm32wlxx_hal_pwr_ex.o(.ARM.exidx.text.HAL_PWREx_DisableHOLDC2IT), (8 bytes).
    Removing stm32wlxx_hal_pwr_ex.o(.text.HAL_PWREx_EnableGPIOPullUp), (104 bytes).
    Removing stm32wlxx_hal_pwr_ex.o(.ARM.exidx.text.HAL_PWREx_EnableGPIOPullUp), (8 bytes).
    Removing stm32wlxx_hal_pwr_ex.o(.text.HAL_PWREx_DisableGPIOPullUp), (64 bytes).
    Removing stm32wlxx_hal_pwr_ex.o(.ARM.exidx.text.HAL_PWREx_DisableGPIOPullUp), (8 bytes).
    Removing stm32wlxx_hal_pwr_ex.o(.text.HAL_PWREx_EnableGPIOPullDown), (104 bytes).
    Removing stm32wlxx_hal_pwr_ex.o(.ARM.exidx.text.HAL_PWREx_EnableGPIOPullDown), (8 bytes).
    Removing stm32wlxx_hal_pwr_ex.o(.text.HAL_PWREx_DisableGPIOPullDown), (64 bytes).
    Removing stm32wlxx_hal_pwr_ex.o(.ARM.exidx.text.HAL_PWREx_DisableGPIOPullDown), (8 bytes).
    Removing stm32wlxx_hal_pwr_ex.o(.text.HAL_PWREx_EnablePullUpPullDownConfig), (18 bytes).
    Removing stm32wlxx_hal_pwr_ex.o(.ARM.exidx.text.HAL_PWREx_EnablePullUpPullDownConfig), (8 bytes).
    Removing stm32wlxx_hal_pwr_ex.o(.text.HAL_PWREx_DisablePullUpPullDownConfig), (18 bytes).
    Removing stm32wlxx_hal_pwr_ex.o(.ARM.exidx.text.HAL_PWREx_DisablePullUpPullDownConfig), (8 bytes).
    Removing stm32wlxx_hal_pwr_ex.o(.text.HAL_PWREx_HoldCore), (18 bytes).
    Removing stm32wlxx_hal_pwr_ex.o(.ARM.exidx.text.HAL_PWREx_HoldCore), (8 bytes).
    Removing stm32wlxx_hal_pwr_ex.o(.text.HAL_PWREx_ReleaseCore), (18 bytes).
    Removing stm32wlxx_hal_pwr_ex.o(.ARM.exidx.text.HAL_PWREx_ReleaseCore), (8 bytes).
    Removing stm32wlxx_hal_pwr_ex.o(.text.HAL_PWREx_EnableSRAMRetention), (18 bytes).
    Removing stm32wlxx_hal_pwr_ex.o(.ARM.exidx.text.HAL_PWREx_EnableSRAMRetention), (8 bytes).
    Removing stm32wlxx_hal_pwr_ex.o(.text.HAL_PWREx_DisableSRAMRetention), (18 bytes).
    Removing stm32wlxx_hal_pwr_ex.o(.ARM.exidx.text.HAL_PWREx_DisableSRAMRetention), (8 bytes).
    Removing stm32wlxx_hal_pwr_ex.o(.ARM.exidx.text.HAL_PWREx_EnableFlashPowerDown), (8 bytes).
    Removing stm32wlxx_hal_pwr_ex.o(.text.HAL_PWREx_DisableFlashPowerDown), (18 bytes).
    Removing stm32wlxx_hal_pwr_ex.o(.ARM.exidx.text.HAL_PWREx_DisableFlashPowerDown), (8 bytes).
    Removing stm32wlxx_hal_pwr_ex.o(.text.HAL_PWREx_EnableWPVD), (18 bytes).
    Removing stm32wlxx_hal_pwr_ex.o(.ARM.exidx.text.HAL_PWREx_EnableWPVD), (8 bytes).
    Removing stm32wlxx_hal_pwr_ex.o(.text.HAL_PWREx_DisableWPVD), (18 bytes).
    Removing stm32wlxx_hal_pwr_ex.o(.ARM.exidx.text.HAL_PWREx_DisableWPVD), (8 bytes).
    Removing stm32wlxx_hal_pwr_ex.o(.text.HAL_PWREx_EnableBORPVD_ULP), (18 bytes).
    Removing stm32wlxx_hal_pwr_ex.o(.ARM.exidx.text.HAL_PWREx_EnableBORPVD_ULP), (8 bytes).
    Removing stm32wlxx_hal_pwr_ex.o(.text.HAL_PWREx_DisableBORPVD_ULP), (18 bytes).
    Removing stm32wlxx_hal_pwr_ex.o(.ARM.exidx.text.HAL_PWREx_DisableBORPVD_ULP), (8 bytes).
    Removing stm32wlxx_hal_pwr_ex.o(.text.HAL_PWREx_EnablePVM3), (18 bytes).
    Removing stm32wlxx_hal_pwr_ex.o(.ARM.exidx.text.HAL_PWREx_EnablePVM3), (8 bytes).
    Removing stm32wlxx_hal_pwr_ex.o(.text.HAL_PWREx_DisablePVM3), (18 bytes).
    Removing stm32wlxx_hal_pwr_ex.o(.ARM.exidx.text.HAL_PWREx_DisablePVM3), (8 bytes).
    Removing stm32wlxx_hal_pwr_ex.o(.text.HAL_PWREx_ConfigPVM), (96 bytes).
    Removing stm32wlxx_hal_pwr_ex.o(.ARM.exidx.text.HAL_PWREx_ConfigPVM), (8 bytes).
    Removing stm32wlxx_hal_pwr_ex.o(.text.HAL_PWREx_SetRadioEOL), (20 bytes).
    Removing stm32wlxx_hal_pwr_ex.o(.ARM.exidx.text.HAL_PWREx_SetRadioEOL), (8 bytes).
    Removing stm32wlxx_hal_pwr_ex.o(.text.HAL_PWREx_SMPS_SetMode), (20 bytes).
    Removing stm32wlxx_hal_pwr_ex.o(.ARM.exidx.text.HAL_PWREx_SMPS_SetMode), (8 bytes).
    Removing stm32wlxx_hal_pwr_ex.o(.text.HAL_PWREx_SMPS_GetEffectiveMode), (20 bytes).
    Removing stm32wlxx_hal_pwr_ex.o(.ARM.exidx.text.HAL_PWREx_SMPS_GetEffectiveMode), (8 bytes).
    Removing stm32wlxx_hal_pwr_ex.o(.ARM.exidx.text.HAL_PWREx_EnableLowPowerRunMode), (8 bytes).
    Removing stm32wlxx_hal_pwr_ex.o(.ARM.exidx.text.HAL_PWREx_DisableLowPowerRunMode), (8 bytes).
    Removing stm32wlxx_hal_pwr_ex.o(.text.HAL_PWREx_EnterSTOP0Mode), (54 bytes).
    Removing stm32wlxx_hal_pwr_ex.o(.ARM.exidx.text.HAL_PWREx_EnterSTOP0Mode), (8 bytes).
    Removing stm32wlxx_hal_pwr_ex.o(.text.HAL_PWREx_EnterSTOP1Mode), (64 bytes).
    Removing stm32wlxx_hal_pwr_ex.o(.ARM.exidx.text.HAL_PWREx_EnterSTOP1Mode), (8 bytes).
    Removing stm32wlxx_hal_pwr_ex.o(.text.HAL_PWREx_EnterSTOP2Mode), (64 bytes).
    Removing stm32wlxx_hal_pwr_ex.o(.ARM.exidx.text.HAL_PWREx_EnterSTOP2Mode), (8 bytes).
    Removing stm32wlxx_hal_pwr_ex.o(.text.HAL_PWREx_EnterSHUTDOWNMode), (36 bytes).
    Removing stm32wlxx_hal_pwr_ex.o(.ARM.exidx.text.HAL_PWREx_EnterSHUTDOWNMode), (8 bytes).
    Removing stm32wlxx_hal_pwr_ex.o(.text.HAL_PWREx_PVD_PVM_IRQHandler), (46 bytes).
    Removing stm32wlxx_hal_pwr_ex.o(.ARM.exidx.text.HAL_PWREx_PVD_PVM_IRQHandler), (8 bytes).
    Removing stm32wlxx_hal_pwr_ex.o(.text.HAL_PWREx_PVM3Callback), (2 bytes).
    Removing stm32wlxx_hal_pwr_ex.o(.ARM.exidx.text.HAL_PWREx_PVM3Callback), (8 bytes).
    Removing stm32wlxx_hal_rcc.o(.text), (0 bytes).
    Removing stm32wlxx_hal_rcc.o(.text.HAL_RCC_DeInit), (268 bytes).
    Removing stm32wlxx_hal_rcc.o(.ARM.exidx.text.HAL_RCC_DeInit), (8 bytes).
    Removing stm32wlxx_hal_rcc.o(.ARM.exidx.text.HAL_RCC_OscConfig), (8 bytes).
    Removing stm32wlxx_hal_rcc.o(.ARM.exidx.text.HAL_RCC_GetHCLKFreq), (8 bytes).
    Removing stm32wlxx_hal_rcc.o(.ARM.exidx.text.HAL_RCC_ClockConfig), (8 bytes).
    Removing stm32wlxx_hal_rcc.o(.text.HAL_RCC_MCOConfig), (84 bytes).
    Removing stm32wlxx_hal_rcc.o(.ARM.exidx.text.HAL_RCC_MCOConfig), (8 bytes).
    Removing stm32wlxx_hal_rcc.o(.ARM.exidx.text.HAL_RCC_GetSysClockFreq), (8 bytes).
    Removing stm32wlxx_hal_rcc.o(.text.HAL_RCC_GetHCLK2Freq), (38 bytes).
    Removing stm32wlxx_hal_rcc.o(.ARM.exidx.text.HAL_RCC_GetHCLK2Freq), (8 bytes).
    Removing stm32wlxx_hal_rcc.o(.text.HAL_RCC_GetHCLK3Freq), (38 bytes).
    Removing stm32wlxx_hal_rcc.o(.ARM.exidx.text.HAL_RCC_GetHCLK3Freq), (8 bytes).
    Removing stm32wlxx_hal_rcc.o(.text.HAL_RCC_GetPCLK1Freq), (56 bytes).
    Removing stm32wlxx_hal_rcc.o(.ARM.exidx.text.HAL_RCC_GetPCLK1Freq), (8 bytes).
    Removing stm32wlxx_hal_rcc.o(.text.HAL_RCC_GetPCLK2Freq), (56 bytes).
    Removing stm32wlxx_hal_rcc.o(.ARM.exidx.text.HAL_RCC_GetPCLK2Freq), (8 bytes).
    Removing stm32wlxx_hal_rcc.o(.text.HAL_RCC_GetOscConfig), (156 bytes).
    Removing stm32wlxx_hal_rcc.o(.ARM.exidx.text.HAL_RCC_GetOscConfig), (8 bytes).
    Removing stm32wlxx_hal_rcc.o(.text.HAL_RCC_GetClockConfig), (86 bytes).
    Removing stm32wlxx_hal_rcc.o(.ARM.exidx.text.HAL_RCC_GetClockConfig), (8 bytes).
    Removing stm32wlxx_hal_rcc.o(.text.HAL_RCC_EnableCSS), (14 bytes).
    Removing stm32wlxx_hal_rcc.o(.ARM.exidx.text.HAL_RCC_EnableCSS), (8 bytes).
    Removing stm32wlxx_hal_rcc.o(.text.HAL_RCC_NMI_IRQHandler), (28 bytes).
    Removing stm32wlxx_hal_rcc.o(.ARM.exidx.text.HAL_RCC_NMI_IRQHandler), (8 bytes).
    Removing stm32wlxx_hal_rcc.o(.text.HAL_RCC_CSSCallback), (2 bytes).
    Removing stm32wlxx_hal_rcc.o(.ARM.exidx.text.HAL_RCC_CSSCallback), (8 bytes).
    Removing stm32wlxx_hal_rcc.o(.text.HAL_RCC_GetResetSource), (22 bytes).
    Removing stm32wlxx_hal_rcc.o(.ARM.exidx.text.HAL_RCC_GetResetSource), (8 bytes).
    Removing stm32wlxx_hal_rcc_ex.o(.text), (0 bytes).
    Removing stm32wlxx_hal_rcc_ex.o(.text.HAL_RCCEx_PeriphCLKConfig), (532 bytes).
    Removing stm32wlxx_hal_rcc_ex.o(.ARM.exidx.text.HAL_RCCEx_PeriphCLKConfig), (8 bytes).
    Removing stm32wlxx_hal_rcc_ex.o(.text.HAL_RCCEx_GetPeriphCLKConfig), (172 bytes).
    Removing stm32wlxx_hal_rcc_ex.o(.ARM.exidx.text.HAL_RCCEx_GetPeriphCLKConfig), (8 bytes).
    Removing stm32wlxx_hal_rcc_ex.o(.text.HAL_RCCEx_GetPeriphCLKFreq), (1048 bytes).
    Removing stm32wlxx_hal_rcc_ex.o(.ARM.exidx.text.HAL_RCCEx_GetPeriphCLKFreq), (8 bytes).
    Removing stm32wlxx_hal_rcc_ex.o(.text.RCC_PLL_GetFreqDomain_Q), (156 bytes).
    Removing stm32wlxx_hal_rcc_ex.o(.ARM.exidx.text.RCC_PLL_GetFreqDomain_Q), (8 bytes).
    Removing stm32wlxx_hal_rcc_ex.o(.text.RCC_PLL_GetFreqDomain_P), (156 bytes).
    Removing stm32wlxx_hal_rcc_ex.o(.ARM.exidx.text.RCC_PLL_GetFreqDomain_P), (8 bytes).
    Removing stm32wlxx_hal_rcc_ex.o(.text.HAL_RCCEx_WakeUpStopCLKConfig), (18 bytes).
    Removing stm32wlxx_hal_rcc_ex.o(.ARM.exidx.text.HAL_RCCEx_WakeUpStopCLKConfig), (8 bytes).
    Removing stm32wlxx_hal_rcc_ex.o(.text.HAL_RCCEx_EnableLSECSS), (16 bytes).
    Removing stm32wlxx_hal_rcc_ex.o(.ARM.exidx.text.HAL_RCCEx_EnableLSECSS), (8 bytes).
    Removing stm32wlxx_hal_rcc_ex.o(.text.HAL_RCCEx_DisableLSECSS), (24 bytes).
    Removing stm32wlxx_hal_rcc_ex.o(.ARM.exidx.text.HAL_RCCEx_DisableLSECSS), (8 bytes).
    Removing stm32wlxx_hal_rcc_ex.o(.text.HAL_RCCEx_EnableLSECSS_IT), (40 bytes).
    Removing stm32wlxx_hal_rcc_ex.o(.ARM.exidx.text.HAL_RCCEx_EnableLSECSS_IT), (8 bytes).
    Removing stm32wlxx_hal_rcc_ex.o(.text.HAL_RCCEx_LSECSS_IRQHandler), (18 bytes).
    Removing stm32wlxx_hal_rcc_ex.o(.ARM.exidx.text.HAL_RCCEx_LSECSS_IRQHandler), (8 bytes).
    Removing stm32wlxx_hal_rcc_ex.o(.text.HAL_RCCEx_LSECSS_Callback), (2 bytes).
    Removing stm32wlxx_hal_rcc_ex.o(.ARM.exidx.text.HAL_RCCEx_LSECSS_Callback), (8 bytes).
    Removing stm32wlxx_hal_rcc_ex.o(.text.HAL_RCCEx_EnableLSCO), (22 bytes).
    Removing stm32wlxx_hal_rcc_ex.o(.ARM.exidx.text.HAL_RCCEx_EnableLSCO), (8 bytes).
    Removing stm32wlxx_hal_rcc_ex.o(.text.HAL_RCCEx_DisableLSCO), (16 bytes).
    Removing stm32wlxx_hal_rcc_ex.o(.ARM.exidx.text.HAL_RCCEx_DisableLSCO), (8 bytes).
    Removing stm32wlxx_hal_rcc_ex.o(.text.HAL_RCCEx_EnableMSIPLLMode), (14 bytes).
    Removing stm32wlxx_hal_rcc_ex.o(.ARM.exidx.text.HAL_RCCEx_EnableMSIPLLMode), (8 bytes).
    Removing stm32wlxx_hal_rcc_ex.o(.text.HAL_RCCEx_DisableMSIPLLMode), (14 bytes).
    Removing stm32wlxx_hal_rcc_ex.o(.ARM.exidx.text.HAL_RCCEx_DisableMSIPLLMode), (8 bytes).
    Removing stm32wlxx_hal_flash.o(.text), (0 bytes).
    Removing stm32wlxx_hal_flash.o(.text.HAL_FLASH_Program), (402 bytes).
    Removing stm32wlxx_hal_flash.o(.ARM.exidx.text.HAL_FLASH_Program), (8 bytes).
    Removing stm32wlxx_hal_flash.o(.text.FLASH_WaitForLastOperation), (96 bytes).
    Removing stm32wlxx_hal_flash.o(.ARM.exidx.text.FLASH_WaitForLastOperation), (8 bytes).
    Removing stm32wlxx_hal_flash.o(.text.HAL_FLASH_Program_IT), (324 bytes).
    Removing stm32wlxx_hal_flash.o(.ARM.exidx.text.HAL_FLASH_Program_IT), (8 bytes).
    Removing stm32wlxx_hal_flash.o(.text.HAL_FLASH_IRQHandler), (164 bytes).
    Removing stm32wlxx_hal_flash.o(.ARM.exidx.text.HAL_FLASH_IRQHandler), (8 bytes).
    Removing stm32wlxx_hal_flash.o(.text.HAL_FLASH_OperationErrorCallback), (2 bytes).
    Removing stm32wlxx_hal_flash.o(.ARM.exidx.text.HAL_FLASH_OperationErrorCallback), (8 bytes).
    Removing stm32wlxx_hal_flash.o(.text.HAL_FLASH_EndOfOperationCallback), (2 bytes).
    Removing stm32wlxx_hal_flash.o(.ARM.exidx.text.HAL_FLASH_EndOfOperationCallback), (8 bytes).
    Removing stm32wlxx_hal_flash.o(.text.HAL_FLASH_Unlock), (46 bytes).
    Removing stm32wlxx_hal_flash.o(.ARM.exidx.text.HAL_FLASH_Unlock), (8 bytes).
    Removing stm32wlxx_hal_flash.o(.text.HAL_FLASH_Lock), (24 bytes).
    Removing stm32wlxx_hal_flash.o(.ARM.exidx.text.HAL_FLASH_Lock), (8 bytes).
    Removing stm32wlxx_hal_flash.o(.text.HAL_FLASH_OB_Unlock), (42 bytes).
    Removing stm32wlxx_hal_flash.o(.ARM.exidx.text.HAL_FLASH_OB_Unlock), (8 bytes).
    Removing stm32wlxx_hal_flash.o(.text.HAL_FLASH_OB_Lock), (30 bytes).
    Removing stm32wlxx_hal_flash.o(.ARM.exidx.text.HAL_FLASH_OB_Lock), (8 bytes).
    Removing stm32wlxx_hal_flash.o(.text.HAL_FLASH_OB_Launch), (20 bytes).
    Removing stm32wlxx_hal_flash.o(.ARM.exidx.text.HAL_FLASH_OB_Launch), (8 bytes).
    Removing stm32wlxx_hal_flash.o(.text.HAL_FLASH_GetError), (12 bytes).
    Removing stm32wlxx_hal_flash.o(.ARM.exidx.text.HAL_FLASH_GetError), (8 bytes).
    Removing stm32wlxx_hal_flash.o(.bss.pFlash), (24 bytes).
    Removing stm32wlxx_hal_flash_ex.o(.text), (0 bytes).
    Removing stm32wlxx_hal_flash_ex.o(.text.HAL_FLASHEx_Erase), (232 bytes).
    Removing stm32wlxx_hal_flash_ex.o(.ARM.exidx.text.HAL_FLASHEx_Erase), (8 bytes).
    Removing stm32wlxx_hal_flash_ex.o(.text.FLASH_PageErase), (36 bytes).
    Removing stm32wlxx_hal_flash_ex.o(.ARM.exidx.text.FLASH_PageErase), (8 bytes).
    Removing stm32wlxx_hal_flash_ex.o(.text.HAL_FLASHEx_Erase_IT), (124 bytes).
    Removing stm32wlxx_hal_flash_ex.o(.ARM.exidx.text.HAL_FLASHEx_Erase_IT), (8 bytes).
    Removing stm32wlxx_hal_flash_ex.o(.text.HAL_FLASHEx_OBProgram), (652 bytes).
    Removing stm32wlxx_hal_flash_ex.o(.ARM.exidx.text.HAL_FLASHEx_OBProgram), (8 bytes).
    Removing stm32wlxx_hal_flash_ex.o(.text.HAL_FLASHEx_OBGetConfig), (350 bytes).
    Removing stm32wlxx_hal_flash_ex.o(.ARM.exidx.text.HAL_FLASHEx_OBGetConfig), (8 bytes).
    Removing stm32wlxx_hal_flash_ex.o(.text.HAL_FLASHEx_FlashEmptyCheck), (16 bytes).
    Removing stm32wlxx_hal_flash_ex.o(.ARM.exidx.text.HAL_FLASHEx_FlashEmptyCheck), (8 bytes).
    Removing stm32wlxx_hal_flash_ex.o(.text.HAL_FLASHEx_ForceFlashEmpty), (20 bytes).
    Removing stm32wlxx_hal_flash_ex.o(.ARM.exidx.text.HAL_FLASHEx_ForceFlashEmpty), (8 bytes).
    Removing stm32wlxx_hal_flash_ex.o(.text.HAL_FLASHEx_SuspendOperation), (18 bytes).
    Removing stm32wlxx_hal_flash_ex.o(.ARM.exidx.text.HAL_FLASHEx_SuspendOperation), (8 bytes).
    Removing stm32wlxx_hal_flash_ex.o(.text.HAL_FLASHEx_AllowOperation), (18 bytes).
    Removing stm32wlxx_hal_flash_ex.o(.ARM.exidx.text.HAL_FLASHEx_AllowOperation), (8 bytes).
    Removing stm32wlxx_hal_flash_ex.o(.text.HAL_FLASHEx_IsOperationSuspended), (16 bytes).
    Removing stm32wlxx_hal_flash_ex.o(.ARM.exidx.text.HAL_FLASHEx_IsOperationSuspended), (8 bytes).
    Removing stm32wlxx_hal_flash_ex.o(.text.HAL_FLASHEx_DisableC2Debug), (18 bytes).
    Removing stm32wlxx_hal_flash_ex.o(.ARM.exidx.text.HAL_FLASHEx_DisableC2Debug), (8 bytes).
    Removing stm32wlxx_hal_flash_ex.o(.text.HAL_FLASHEx_EnableC2Debug), (18 bytes).
    Removing stm32wlxx_hal_flash_ex.o(.ARM.exidx.text.HAL_FLASHEx_EnableC2Debug), (8 bytes).
    Removing stm32wlxx_hal_flash_ex.o(.text.HAL_FLASHEx_EnableSecHideProtection), (18 bytes).
    Removing stm32wlxx_hal_flash_ex.o(.ARM.exidx.text.HAL_FLASHEx_EnableSecHideProtection), (8 bytes).
    Removing stm32wlxx_hal_flash_ex.o(.text.HAL_FLASHEx_ConfigPrivMode), (20 bytes).
    Removing stm32wlxx_hal_flash_ex.o(.ARM.exidx.text.HAL_FLASHEx_ConfigPrivMode), (8 bytes).
    Removing stm32wlxx_hal_flash_ex.o(.text.HAL_FLASHEx_GetPrivMode), (16 bytes).
    Removing stm32wlxx_hal_flash_ex.o(.ARM.exidx.text.HAL_FLASHEx_GetPrivMode), (8 bytes).
    Removing stm32wlxx_hal_gpio.o(.text), (0 bytes).
    Removing stm32wlxx_hal_gpio.o(.ARM.exidx.text.HAL_GPIO_Init), (8 bytes).
    Removing stm32wlxx_hal_gpio.o(.text.HAL_GPIO_DeInit), (288 bytes).
    Removing stm32wlxx_hal_gpio.o(.ARM.exidx.text.HAL_GPIO_DeInit), (8 bytes).
    Removing stm32wlxx_hal_gpio.o(.ARM.exidx.text.HAL_GPIO_ReadPin), (8 bytes).
    Removing stm32wlxx_hal_gpio.o(.ARM.exidx.text.HAL_GPIO_WritePin), (8 bytes).
    Removing stm32wlxx_hal_gpio.o(.text.HAL_GPIO_WriteMultipleStatePin), (8 bytes).
    Removing stm32wlxx_hal_gpio.o(.ARM.exidx.text.HAL_GPIO_WriteMultipleStatePin), (8 bytes).
    Removing stm32wlxx_hal_gpio.o(.text.HAL_GPIO_TogglePin), (16 bytes).
    Removing stm32wlxx_hal_gpio.o(.ARM.exidx.text.HAL_GPIO_TogglePin), (8 bytes).
    Removing stm32wlxx_hal_gpio.o(.text.HAL_GPIO_LockPin), (44 bytes).
    Removing stm32wlxx_hal_gpio.o(.ARM.exidx.text.HAL_GPIO_LockPin), (8 bytes).
    Removing stm32wlxx_hal_gpio.o(.text.HAL_GPIO_EXTI_IRQHandler), (22 bytes).
    Removing stm32wlxx_hal_gpio.o(.ARM.exidx.text.HAL_GPIO_EXTI_IRQHandler), (8 bytes).
    Removing stm32wlxx_hal_gpio.o(.text.HAL_GPIO_EXTI_Callback), (2 bytes).
    Removing stm32wlxx_hal_gpio.o(.ARM.exidx.text.HAL_GPIO_EXTI_Callback), (8 bytes).
    Removing stm32wlxx_hal_dma.o(.text), (0 bytes).
    Removing stm32wlxx_hal_dma.o(.text.HAL_DMA_Init), (304 bytes).
    Removing stm32wlxx_hal_dma.o(.ARM.exidx.text.HAL_DMA_Init), (8 bytes).
    Removing stm32wlxx_hal_dma.o(.text.HAL_DMA_DeInit), (250 bytes).
    Removing stm32wlxx_hal_dma.o(.ARM.exidx.text.HAL_DMA_DeInit), (8 bytes).
    Removing stm32wlxx_hal_dma.o(.text.HAL_DMA_Start), (158 bytes).
    Removing stm32wlxx_hal_dma.o(.ARM.exidx.text.HAL_DMA_Start), (8 bytes).
    Removing stm32wlxx_hal_dma.o(.text.HAL_DMA_Start_IT), (240 bytes).
    Removing stm32wlxx_hal_dma.o(.ARM.exidx.text.HAL_DMA_Start_IT), (8 bytes).
    Removing stm32wlxx_hal_dma.o(.text.HAL_DMA_Abort), (124 bytes).
    Removing stm32wlxx_hal_dma.o(.ARM.exidx.text.HAL_DMA_Abort), (8 bytes).
    Removing stm32wlxx_hal_dma.o(.text.HAL_DMA_Abort_IT), (112 bytes).
    Removing stm32wlxx_hal_dma.o(.ARM.exidx.text.HAL_DMA_Abort_IT), (8 bytes).
    Removing stm32wlxx_hal_dma.o(.text.HAL_DMA_PollForTransfer), (358 bytes).
    Removing stm32wlxx_hal_dma.o(.ARM.exidx.text.HAL_DMA_PollForTransfer), (8 bytes).
    Removing stm32wlxx_hal_dma.o(.text.HAL_DMA_IRQHandler), (192 bytes).
    Removing stm32wlxx_hal_dma.o(.ARM.exidx.text.HAL_DMA_IRQHandler), (8 bytes).
    Removing stm32wlxx_hal_dma.o(.text.HAL_DMA_RegisterCallback), (46 bytes).
    Removing stm32wlxx_hal_dma.o(.ARM.exidx.text.HAL_DMA_RegisterCallback), (8 bytes).
    Removing stm32wlxx_hal_dma.o(.text.HAL_DMA_UnRegisterCallback), (122 bytes).
    Removing stm32wlxx_hal_dma.o(.ARM.exidx.text.HAL_DMA_UnRegisterCallback), (8 bytes).
    Removing stm32wlxx_hal_dma.o(.text.HAL_DMA_GetState), (6 bytes).
    Removing stm32wlxx_hal_dma.o(.ARM.exidx.text.HAL_DMA_GetState), (8 bytes).
    Removing stm32wlxx_hal_dma.o(.text.HAL_DMA_GetError), (4 bytes).
    Removing stm32wlxx_hal_dma.o(.ARM.exidx.text.HAL_DMA_GetError), (8 bytes).
    Removing stm32wlxx_hal_dma.o(.text.HAL_DMA_ConfigChannelAttributes), (34 bytes).
    Removing stm32wlxx_hal_dma.o(.ARM.exidx.text.HAL_DMA_ConfigChannelAttributes), (8 bytes).
    Removing stm32wlxx_hal_dma.o(.text.HAL_DMA_GetConfigChannelAttributes), (32 bytes).
    Removing stm32wlxx_hal_dma.o(.ARM.exidx.text.HAL_DMA_GetConfigChannelAttributes), (8 bytes).
    Removing stm32wlxx_hal_dma_ex.o(.text), (0 bytes).
    Removing stm32wlxx_hal_dma_ex.o(.text.HAL_DMAEx_ConfigMuxSync), (92 bytes).
    Removing stm32wlxx_hal_dma_ex.o(.ARM.exidx.text.HAL_DMAEx_ConfigMuxSync), (8 bytes).
    Removing stm32wlxx_hal_dma_ex.o(.text.HAL_DMAEx_ConfigMuxRequestGenerator), (84 bytes).
    Removing stm32wlxx_hal_dma_ex.o(.ARM.exidx.text.HAL_DMAEx_ConfigMuxRequestGenerator), (8 bytes).
    Removing stm32wlxx_hal_dma_ex.o(.text.HAL_DMAEx_EnableMuxRequestGenerator), (28 bytes).
    Removing stm32wlxx_hal_dma_ex.o(.ARM.exidx.text.HAL_DMAEx_EnableMuxRequestGenerator), (8 bytes).
    Removing stm32wlxx_hal_dma_ex.o(.text.HAL_DMAEx_DisableMuxRequestGenerator), (28 bytes).
    Removing stm32wlxx_hal_dma_ex.o(.ARM.exidx.text.HAL_DMAEx_DisableMuxRequestGenerator), (8 bytes).
    Removing stm32wlxx_hal_dma_ex.o(.text.HAL_DMAEx_MUX_IRQHandler), (94 bytes).
    Removing stm32wlxx_hal_dma_ex.o(.ARM.exidx.text.HAL_DMAEx_MUX_IRQHandler), (8 bytes).
    Removing stm32wlxx_hal_cortex.o(.text), (0 bytes).
    Removing stm32wlxx_hal_cortex.o(.ARM.exidx.text.HAL_NVIC_SetPriorityGrouping), (8 bytes).
    Removing stm32wlxx_hal_cortex.o(.ARM.exidx.text.HAL_NVIC_SetPriority), (8 bytes).
    Removing stm32wlxx_hal_cortex.o(.text.HAL_NVIC_EnableIRQ), (34 bytes).
    Removing stm32wlxx_hal_cortex.o(.ARM.exidx.text.HAL_NVIC_EnableIRQ), (8 bytes).
    Removing stm32wlxx_hal_cortex.o(.text.HAL_NVIC_DisableIRQ), (42 bytes).
    Removing stm32wlxx_hal_cortex.o(.ARM.exidx.text.HAL_NVIC_DisableIRQ), (8 bytes).
    Removing stm32wlxx_hal_cortex.o(.text.HAL_NVIC_SystemReset), (4 bytes).
    Removing stm32wlxx_hal_cortex.o(.ARM.exidx.text.HAL_NVIC_SystemReset), (8 bytes).
    Removing stm32wlxx_hal_cortex.o(.text.__NVIC_SystemReset), (42 bytes).
    Removing stm32wlxx_hal_cortex.o(.ARM.exidx.text.__NVIC_SystemReset), (8 bytes).
    Removing stm32wlxx_hal_cortex.o(.ARM.exidx.text.HAL_SYSTICK_Config), (8 bytes).
    Removing stm32wlxx_hal_cortex.o(.text.HAL_NVIC_GetPriorityGrouping), (16 bytes).
    Removing stm32wlxx_hal_cortex.o(.ARM.exidx.text.HAL_NVIC_GetPriorityGrouping), (8 bytes).
    Removing stm32wlxx_hal_cortex.o(.text.HAL_NVIC_GetPriority), (88 bytes).
    Removing stm32wlxx_hal_cortex.o(.ARM.exidx.text.HAL_NVIC_GetPriority), (8 bytes).
    Removing stm32wlxx_hal_cortex.o(.text.HAL_NVIC_GetActive), (38 bytes).
    Removing stm32wlxx_hal_cortex.o(.ARM.exidx.text.HAL_NVIC_GetActive), (8 bytes).
    Removing stm32wlxx_hal_cortex.o(.text.HAL_NVIC_SetPendingIRQ), (34 bytes).
    Removing stm32wlxx_hal_cortex.o(.ARM.exidx.text.HAL_NVIC_SetPendingIRQ), (8 bytes).
    Removing stm32wlxx_hal_cortex.o(.text.HAL_NVIC_GetPendingIRQ), (38 bytes).
    Removing stm32wlxx_hal_cortex.o(.ARM.exidx.text.HAL_NVIC_GetPendingIRQ), (8 bytes).
    Removing stm32wlxx_hal_cortex.o(.text.HAL_NVIC_ClearPendingIRQ), (34 bytes).
    Removing stm32wlxx_hal_cortex.o(.ARM.exidx.text.HAL_NVIC_ClearPendingIRQ), (8 bytes).
    Removing stm32wlxx_hal_cortex.o(.text.HAL_SYSTICK_CLKSourceConfig), (24 bytes).
    Removing stm32wlxx_hal_cortex.o(.ARM.exidx.text.HAL_SYSTICK_CLKSourceConfig), (8 bytes).
    Removing stm32wlxx_hal_cortex.o(.ARM.exidx.text.HAL_SYSTICK_IRQHandler), (8 bytes).
    Removing stm32wlxx_hal_cortex.o(.text.HAL_SYSTICK_Callback), (2 bytes).
    Removing stm32wlxx_hal_cortex.o(.ARM.exidx.text.HAL_SYSTICK_Callback), (8 bytes).
    Removing stm32wlxx_hal_cortex.o(.text.HAL_MPU_Enable), (24 bytes).
    Removing stm32wlxx_hal_cortex.o(.ARM.exidx.text.HAL_MPU_Enable), (8 bytes).
    Removing stm32wlxx_hal_cortex.o(.text.HAL_MPU_Disable), (18 bytes).
    Removing stm32wlxx_hal_cortex.o(.ARM.exidx.text.HAL_MPU_Disable), (8 bytes).
    Removing stm32wlxx_hal_cortex.o(.text.HAL_MPU_ConfigRegion), (96 bytes).
    Removing stm32wlxx_hal_cortex.o(.ARM.exidx.text.HAL_MPU_ConfigRegion), (8 bytes).
    Removing stm32wlxx_hal.o(.text), (0 bytes).
    Removing stm32wlxx_hal.o(.ARM.exidx.text.HAL_Init), (8 bytes).
    Removing stm32wlxx_hal.o(.ARM.exidx.text.HAL_InitTick), (8 bytes).
    Removing stm32wlxx_hal.o(.text.HAL_MspInit), (2 bytes).
    Removing stm32wlxx_hal.o(.ARM.exidx.text.HAL_MspInit), (8 bytes).
    Removing stm32wlxx_hal.o(.text.HAL_DeInit), (78 bytes).
    Removing stm32wlxx_hal.o(.ARM.exidx.text.HAL_DeInit), (8 bytes).
    Removing stm32wlxx_hal.o(.text.HAL_MspDeInit), (2 bytes).
    Removing stm32wlxx_hal.o(.ARM.exidx.text.HAL_MspDeInit), (8 bytes).
    Removing stm32wlxx_hal.o(.ARM.exidx.text.HAL_IncTick), (8 bytes).
    Removing stm32wlxx_hal.o(.ARM.exidx.text.HAL_GetTick), (8 bytes).
    Removing stm32wlxx_hal.o(.text.HAL_GetTickPrio), (12 bytes).
    Removing stm32wlxx_hal.o(.ARM.exidx.text.HAL_GetTickPrio), (8 bytes).
    Removing stm32wlxx_hal.o(.text.HAL_SetTickFreq), (38 bytes).
    Removing stm32wlxx_hal.o(.ARM.exidx.text.HAL_SetTickFreq), (8 bytes).
    Removing stm32wlxx_hal.o(.text.HAL_GetTickFreq), (12 bytes).
    Removing stm32wlxx_hal.o(.ARM.exidx.text.HAL_GetTickFreq), (8 bytes).
    Removing stm32wlxx_hal.o(.ARM.exidx.text.HAL_Delay), (8 bytes).
    Removing stm32wlxx_hal.o(.ARM.exidx.text.HAL_SuspendTick), (8 bytes).
    Removing stm32wlxx_hal.o(.ARM.exidx.text.HAL_ResumeTick), (8 bytes).
    Removing stm32wlxx_hal.o(.text.HAL_GetHalVersion), (8 bytes).
    Removing stm32wlxx_hal.o(.ARM.exidx.text.HAL_GetHalVersion), (8 bytes).
    Removing stm32wlxx_hal.o(.text.HAL_GetREVID), (14 bytes).
    Removing stm32wlxx_hal.o(.ARM.exidx.text.HAL_GetREVID), (8 bytes).
    Removing stm32wlxx_hal.o(.text.HAL_GetDEVID), (16 bytes).
    Removing stm32wlxx_hal.o(.ARM.exidx.text.HAL_GetDEVID), (8 bytes).
    Removing stm32wlxx_hal.o(.text.HAL_GetUIDw0), (12 bytes).
    Removing stm32wlxx_hal.o(.ARM.exidx.text.HAL_GetUIDw0), (8 bytes).
    Removing stm32wlxx_hal.o(.text.HAL_GetUIDw1), (12 bytes).
    Removing stm32wlxx_hal.o(.ARM.exidx.text.HAL_GetUIDw1), (8 bytes).
    Removing stm32wlxx_hal.o(.text.HAL_GetUIDw2), (12 bytes).
    Removing stm32wlxx_hal.o(.ARM.exidx.text.HAL_GetUIDw2), (8 bytes).
    Removing stm32wlxx_hal.o(.text.HAL_DBGMCU_EnableDBGSleepMode), (18 bytes).
    Removing stm32wlxx_hal.o(.ARM.exidx.text.HAL_DBGMCU_EnableDBGSleepMode), (8 bytes).
    Removing stm32wlxx_hal.o(.text.HAL_DBGMCU_DisableDBGSleepMode), (18 bytes).
    Removing stm32wlxx_hal.o(.ARM.exidx.text.HAL_DBGMCU_DisableDBGSleepMode), (8 bytes).
    Removing stm32wlxx_hal.o(.text.HAL_DBGMCU_EnableDBGStopMode), (18 bytes).
    Removing stm32wlxx_hal.o(.ARM.exidx.text.HAL_DBGMCU_EnableDBGStopMode), (8 bytes).
    Removing stm32wlxx_hal.o(.text.HAL_DBGMCU_DisableDBGStopMode), (18 bytes).
    Removing stm32wlxx_hal.o(.ARM.exidx.text.HAL_DBGMCU_DisableDBGStopMode), (8 bytes).
    Removing stm32wlxx_hal.o(.text.HAL_DBGMCU_EnableDBGStandbyMode), (18 bytes).
    Removing stm32wlxx_hal.o(.ARM.exidx.text.HAL_DBGMCU_EnableDBGStandbyMode), (8 bytes).
    Removing stm32wlxx_hal.o(.text.HAL_DBGMCU_DisableDBGStandbyMode), (18 bytes).
    Removing stm32wlxx_hal.o(.ARM.exidx.text.HAL_DBGMCU_DisableDBGStandbyMode), (8 bytes).
    Removing stm32wlxx_hal.o(.text.HAL_SYSCFG_SRAM2Erase), (24 bytes).
    Removing stm32wlxx_hal.o(.ARM.exidx.text.HAL_SYSCFG_SRAM2Erase), (8 bytes).
    Removing stm32wlxx_hal.o(.text.HAL_SYSCFG_VREFBUF_VoltageScalingConfig), (42 bytes).
    Removing stm32wlxx_hal.o(.ARM.exidx.text.HAL_SYSCFG_VREFBUF_VoltageScalingConfig), (8 bytes).
    Removing stm32wlxx_hal.o(.text.HAL_SYSCFG_VREFBUF_TrimmingConfig), (10 bytes).
    Removing stm32wlxx_hal.o(.ARM.exidx.text.HAL_SYSCFG_VREFBUF_TrimmingConfig), (8 bytes).
    Removing stm32wlxx_hal.o(.text.HAL_SYSCFG_VREFBUF_HighImpedanceConfig), (18 bytes).
    Removing stm32wlxx_hal.o(.ARM.exidx.text.HAL_SYSCFG_VREFBUF_HighImpedanceConfig), (8 bytes).
    Removing stm32wlxx_hal.o(.text.HAL_SYSCFG_EnableVREFBUF), (48 bytes).
    Removing stm32wlxx_hal.o(.ARM.exidx.text.HAL_SYSCFG_EnableVREFBUF), (8 bytes).
    Removing stm32wlxx_hal.o(.text.HAL_SYSCFG_DisableVREFBUF), (16 bytes).
    Removing stm32wlxx_hal.o(.ARM.exidx.text.HAL_SYSCFG_DisableVREFBUF), (8 bytes).
    Removing stm32wlxx_hal.o(.text.HAL_SYSCFG_EnableIOAnalogSwitchBooster), (16 bytes).
    Removing stm32wlxx_hal.o(.ARM.exidx.text.HAL_SYSCFG_EnableIOAnalogSwitchBooster), (8 bytes).
    Removing stm32wlxx_hal.o(.text.HAL_SYSCFG_DisableIOAnalogSwitchBooster), (16 bytes).
    Removing stm32wlxx_hal.o(.ARM.exidx.text.HAL_SYSCFG_DisableIOAnalogSwitchBooster), (8 bytes).
    Removing stm32wlxx_hal.o(.text.HAL_SYSCFG_EnableIT), (34 bytes).
    Removing stm32wlxx_hal.o(.ARM.exidx.text.HAL_SYSCFG_EnableIT), (8 bytes).
    Removing stm32wlxx_hal.o(.text.HAL_SYSCFG_DisableIT), (30 bytes).
    Removing stm32wlxx_hal.o(.ARM.exidx.text.HAL_SYSCFG_DisableIT), (8 bytes).
    Removing stm32wlxx_hal_exti.o(.text), (0 bytes).
    Removing stm32wlxx_hal_exti.o(.text.HAL_EXTI_SetConfigLine), (224 bytes).
    Removing stm32wlxx_hal_exti.o(.ARM.exidx.text.HAL_EXTI_SetConfigLine), (8 bytes).
    Removing stm32wlxx_hal_exti.o(.text.HAL_EXTI_GetConfigLine), (162 bytes).
    Removing stm32wlxx_hal_exti.o(.ARM.exidx.text.HAL_EXTI_GetConfigLine), (8 bytes).
    Removing stm32wlxx_hal_exti.o(.text.HAL_EXTI_ClearConfigLine), (138 bytes).
    Removing stm32wlxx_hal_exti.o(.ARM.exidx.text.HAL_EXTI_ClearConfigLine), (8 bytes).
    Removing stm32wlxx_hal_exti.o(.text.HAL_EXTI_RegisterCallback), (12 bytes).
    Removing stm32wlxx_hal_exti.o(.ARM.exidx.text.HAL_EXTI_RegisterCallback), (8 bytes).
    Removing stm32wlxx_hal_exti.o(.text.HAL_EXTI_GetHandle), (12 bytes).
    Removing stm32wlxx_hal_exti.o(.ARM.exidx.text.HAL_EXTI_GetHandle), (8 bytes).
    Removing stm32wlxx_hal_exti.o(.text.HAL_EXTI_IRQHandler), (58 bytes).
    Removing stm32wlxx_hal_exti.o(.ARM.exidx.text.HAL_EXTI_IRQHandler), (8 bytes).
    Removing stm32wlxx_hal_exti.o(.text.HAL_EXTI_GetPending), (32 bytes).
    Removing stm32wlxx_hal_exti.o(.ARM.exidx.text.HAL_EXTI_GetPending), (8 bytes).
    Removing stm32wlxx_hal_exti.o(.text.HAL_EXTI_ClearPending), (30 bytes).
    Removing stm32wlxx_hal_exti.o(.ARM.exidx.text.HAL_EXTI_ClearPending), (8 bytes).
    Removing stm32wlxx_hal_exti.o(.text.HAL_EXTI_GenerateSWI), (30 bytes).
    Removing stm32wlxx_hal_exti.o(.ARM.exidx.text.HAL_EXTI_GenerateSWI), (8 bytes).
    Removing system_stm32wlxx.o(.text), (0 bytes).
    Removing system_stm32wlxx.o(.ARM.exidx.text.SystemInit), (8 bytes).
    Removing system_stm32wlxx.o(.text.SystemCoreClockUpdate), (198 bytes).
    Removing system_stm32wlxx.o(.ARM.exidx.text.SystemCoreClockUpdate), (8 bytes).
    Removing system_stm32wlxx.o(.rodata.APBPrescTable), (32 bytes).

432 unused section(s) (total 14420 bytes) removed from the image.

==============================================================================

Image Symbol Table

    Local Symbols

    Symbol Name                              Value     Ov Type        Size  Object(Section)

    ../clib/angel/boardlib.s                 0x00000000   Number         0  boardinit1.o ABSOLUTE
    ../clib/angel/boardlib.s                 0x00000000   Number         0  boardinit2.o ABSOLUTE
    ../clib/angel/boardlib.s                 0x00000000   Number         0  boardinit3.o ABSOLUTE
    ../clib/angel/boardlib.s                 0x00000000   Number         0  boardshut.o ABSOLUTE
    ../clib/angel/handlers.s                 0x00000000   Number         0  __scatter_copy.o ABSOLUTE
    ../clib/angel/handlers.s                 0x00000000   Number         0  __scatter_zi.o ABSOLUTE
    ../clib/angel/kernel.s                   0x00000000   Number         0  __rtentry.o ABSOLUTE
    ../clib/angel/kernel.s                   0x00000000   Number         0  __rtentry2.o ABSOLUTE
    ../clib/angel/kernel.s                   0x00000000   Number         0  __rtentry4.o ABSOLUTE
    ../clib/angel/kernel.s                   0x00000000   Number         0  rtexit.o ABSOLUTE
    ../clib/angel/kernel.s                   0x00000000   Number         0  rtexit2.o ABSOLUTE
    ../clib/angel/rt.s                       0x00000000   Number         0  rt_raise.o ABSOLUTE
    ../clib/angel/scatter.s                  0x00000000   Number         0  __scatter.o ABSOLUTE
    ../clib/angel/startup.s                  0x00000000   Number         0  __main.o ABSOLUTE
    ../clib/angel/sys.s                      0x00000000   Number         0  sys_stackheap_outer.o ABSOLUTE
    ../clib/angel/sys.s                      0x00000000   Number         0  libspace.o ABSOLUTE
    ../clib/angel/sys.s                      0x00000000   Number         0  use_no_semi.o ABSOLUTE
    ../clib/angel/sys.s                      0x00000000   Number         0  indicate_semi.o ABSOLUTE
    ../clib/angel/sysapp.c                   0x00000000   Number         0  sys_exit.o ABSOLUTE
    ../clib/angel/sysapp.c                   0x00000000   Number         0  sys_exit_hlt.o ABSOLUTE
    ../clib/angel/sysapp.c                   0x00000000   Number         0  sys_command.o ABSOLUTE
    ../clib/angel/sysapp.c                   0x00000000   Number         0  sys_command_hlt.o ABSOLUTE
    ../clib/angel/sysapp.c                   0x00000000   Number         0  sys_wrch.o ABSOLUTE
    ../clib/angel/sysapp.c                   0x00000000   Number         0  sys_wrch_hlt.o ABSOLUTE
    ../clib/armsys.c                         0x00000000   Number         0  argv_veneer.o ABSOLUTE
    ../clib/armsys.c                         0x00000000   Number         0  argv_veneer.o ABSOLUTE
    ../clib/armsys.c                         0x00000000   Number         0  _get_argv_nomalloc.o ABSOLUTE
    ../clib/armsys.c                         0x00000000   Number         0  no_argv.o ABSOLUTE
    ../clib/heapalloc.c                      0x00000000   Number         0  hrguard.o ABSOLUTE
    ../clib/heapaux.c                        0x00000000   Number         0  heapauxi.o ABSOLUTE
    ../clib/libinit.s                        0x00000000   Number         0  libinit.o ABSOLUTE
    ../clib/libinit.s                        0x00000000   Number         0  libinit2.o ABSOLUTE
    ../clib/libinit.s                        0x00000000   Number         0  libshutdown.o ABSOLUTE
    ../clib/libinit.s                        0x00000000   Number         0  libshutdown2.o ABSOLUTE
    ../clib/memcpset.s                       0x00000000   Number         0  rt_memclr_w.o ABSOLUTE
    ../clib/signal.c                         0x00000000   Number         0  defsig_rtmem_outer.o ABSOLUTE
    ../clib/signal.c                         0x00000000   Number         0  defsig_rtmem_formal.o ABSOLUTE
    ../clib/signal.c                         0x00000000   Number         0  defsig_exit.o ABSOLUTE
    ../clib/signal.c                         0x00000000   Number         0  defsig_rtmem_inner.o ABSOLUTE
    ../clib/signal.c                         0x00000000   Number         0  __raise.o ABSOLUTE
    ../clib/signal.c                         0x00000000   Number         0  defsig_general.o ABSOLUTE
    ../clib/signal.c                         0x00000000   Number         0  defsig_abrt_inner.o ABSOLUTE
    ../clib/signal.c                         0x00000000   Number         0  defsig_fpe_inner.o ABSOLUTE
    ../clib/signal.c                         0x00000000   Number         0  defsig_rtred_inner.o ABSOLUTE
    ../clib/signal.c                         0x00000000   Number         0  defsig_stak_inner.o ABSOLUTE
    ../clib/signal.c                         0x00000000   Number         0  defsig_pvfn_inner.o ABSOLUTE
    ../clib/signal.c                         0x00000000   Number         0  defsig_cppl_inner.o ABSOLUTE
    ../clib/signal.c                         0x00000000   Number         0  defsig_segv_inner.o ABSOLUTE
    ../clib/signal.c                         0x00000000   Number         0  defsig_other.o ABSOLUTE
    ../clib/signal.s                         0x00000000   Number         0  defsig.o ABSOLUTE
    ../clib/stdlib.c                         0x00000000   Number         0  exit.o ABSOLUTE
    ../fplib/fpinit.s                        0x00000000   Number         0  fpinit.o ABSOLUTE
    ../fplib/fpinit_empty.s                  0x00000000   Number         0  fpinit_empty.o ABSOLUTE
    dc.s                                     0x00000000   Number         0  dc.o ABSOLUTE
    gpio.c                                   0x00000000   Number         0  gpio.o ABSOLUTE
    main.c                                   0x00000000   Number         0  main.o ABSOLUTE
    startup_stm32wl55xx_cm4.s                0x00000000   Number         0  startup_stm32wl55xx_cm4.o ABSOLUTE
    stm32wlxx_hal.c                          0x00000000   Number         0  stm32wlxx_hal.o ABSOLUTE
    stm32wlxx_hal_cortex.c                   0x00000000   Number         0  stm32wlxx_hal_cortex.o ABSOLUTE
    stm32wlxx_hal_dma.c                      0x00000000   Number         0  stm32wlxx_hal_dma.o ABSOLUTE
    stm32wlxx_hal_dma_ex.c                   0x00000000   Number         0  stm32wlxx_hal_dma_ex.o ABSOLUTE
    stm32wlxx_hal_exti.c                     0x00000000   Number         0  stm32wlxx_hal_exti.o ABSOLUTE
    stm32wlxx_hal_flash.c                    0x00000000   Number         0  stm32wlxx_hal_flash.o ABSOLUTE
    stm32wlxx_hal_flash_ex.c                 0x00000000   Number         0  stm32wlxx_hal_flash_ex.o ABSOLUTE
    stm32wlxx_hal_gpio.c                     0x00000000   Number         0  stm32wlxx_hal_gpio.o ABSOLUTE
    stm32wlxx_hal_msp.c                      0x00000000   Number         0  stm32wlxx_hal_msp.o ABSOLUTE
    stm32wlxx_hal_pwr.c                      0x00000000   Number         0  stm32wlxx_hal_pwr.o ABSOLUTE
    stm32wlxx_hal_pwr_ex.c                   0x00000000   Number         0  stm32wlxx_hal_pwr_ex.o ABSOLUTE
    stm32wlxx_hal_rcc.c                      0x00000000   Number         0  stm32wlxx_hal_rcc.o ABSOLUTE
    stm32wlxx_hal_rcc_ex.c                   0x00000000   Number         0  stm32wlxx_hal_rcc_ex.o ABSOLUTE
    stm32wlxx_hal_tim.c                      0x00000000   Number         0  stm32wlxx_hal_tim.o ABSOLUTE
    stm32wlxx_hal_tim_ex.c                   0x00000000   Number         0  stm32wlxx_hal_tim_ex.o ABSOLUTE
    stm32wlxx_it.c                           0x00000000   Number         0  stm32wlxx_it.o ABSOLUTE
    system_stm32wlxx.c                       0x00000000   Number         0  system_stm32wlxx.o ABSOLUTE
    RESET                                    0x08000000   Section      312  startup_stm32wl55xx_cm4.o(RESET)
    !!!main                                  0x08000138   Section        8  __main.o(!!!main)
    !!!scatter                               0x08000140   Section       92  __scatter.o(!!!scatter)
    !!handler_copy                           0x0800019c   Section       26  __scatter_copy.o(!!handler_copy)
    !!handler_null                           0x080001b8   Section        2  __scatter.o(!!handler_null)
    !!handler_zi                             0x080001bc   Section       28  __scatter_zi.o(!!handler_zi)
    .ARM.Collect$$libinit$$00000000          0x080001d8   Section        2  libinit.o(.ARM.Collect$$libinit$$00000000)
    .ARM.Collect$$libinit$$00000002          0x080001da   Section        0  libinit2.o(.ARM.Collect$$libinit$$00000002)
    .ARM.Collect$$libinit$$00000004          0x080001da   Section        0  libinit2.o(.ARM.Collect$$libinit$$00000004)
    .ARM.Collect$$libinit$$00000006          0x080001da   Section        0  libinit2.o(.ARM.Collect$$libinit$$00000006)
    .ARM.Collect$$libinit$$0000000C          0x080001da   Section        0  libinit2.o(.ARM.Collect$$libinit$$0000000C)
    .ARM.Collect$$libinit$$0000000E          0x080001da   Section        0  libinit2.o(.ARM.Collect$$libinit$$0000000E)
    .ARM.Collect$$libinit$$00000010          0x080001da   Section        0  libinit2.o(.ARM.Collect$$libinit$$00000010)
    .ARM.Collect$$libinit$$00000013          0x080001da   Section        0  libinit2.o(.ARM.Collect$$libinit$$00000013)
    .ARM.Collect$$libinit$$00000015          0x080001da   Section        0  libinit2.o(.ARM.Collect$$libinit$$00000015)
    .ARM.Collect$$libinit$$00000017          0x080001da   Section        0  libinit2.o(.ARM.Collect$$libinit$$00000017)
    .ARM.Collect$$libinit$$00000019          0x080001da   Section        0  libinit2.o(.ARM.Collect$$libinit$$00000019)
    .ARM.Collect$$libinit$$0000001B          0x080001da   Section        0  libinit2.o(.ARM.Collect$$libinit$$0000001B)
    .ARM.Collect$$libinit$$0000001D          0x080001da   Section        0  libinit2.o(.ARM.Collect$$libinit$$0000001D)
    .ARM.Collect$$libinit$$0000001F          0x080001da   Section        0  libinit2.o(.ARM.Collect$$libinit$$0000001F)
    .ARM.Collect$$libinit$$00000021          0x080001da   Section        0  libinit2.o(.ARM.Collect$$libinit$$00000021)
    .ARM.Collect$$libinit$$00000023          0x080001da   Section        0  libinit2.o(.ARM.Collect$$libinit$$00000023)
    .ARM.Collect$$libinit$$00000025          0x080001da   Section        0  libinit2.o(.ARM.Collect$$libinit$$00000025)
    .ARM.Collect$$libinit$$00000027          0x080001da   Section        0  libinit2.o(.ARM.Collect$$libinit$$00000027)
    .ARM.Collect$$libinit$$0000002E          0x080001da   Section        0  libinit2.o(.ARM.Collect$$libinit$$0000002E)
    .ARM.Collect$$libinit$$00000030          0x080001da   Section        0  libinit2.o(.ARM.Collect$$libinit$$00000030)
    .ARM.Collect$$libinit$$00000032          0x080001da   Section        0  libinit2.o(.ARM.Collect$$libinit$$00000032)
    .ARM.Collect$$libinit$$00000034          0x080001da   Section        0  libinit2.o(.ARM.Collect$$libinit$$00000034)
    .ARM.Collect$$libinit$$00000035          0x080001da   Section        2  libinit2.o(.ARM.Collect$$libinit$$00000035)
    .ARM.Collect$$libshutdown$$00000000      0x080001dc   Section        2  libshutdown.o(.ARM.Collect$$libshutdown$$00000000)
    .ARM.Collect$$libshutdown$$00000002      0x080001de   Section        0  libshutdown2.o(.ARM.Collect$$libshutdown$$00000002)
    .ARM.Collect$$libshutdown$$00000004      0x080001de   Section        0  libshutdown2.o(.ARM.Collect$$libshutdown$$00000004)
    .ARM.Collect$$libshutdown$$00000007      0x080001de   Section        0  libshutdown2.o(.ARM.Collect$$libshutdown$$00000007)
    .ARM.Collect$$libshutdown$$0000000A      0x080001de   Section        0  libshutdown2.o(.ARM.Collect$$libshutdown$$0000000A)
    .ARM.Collect$$libshutdown$$0000000C      0x080001de   Section        0  libshutdown2.o(.ARM.Collect$$libshutdown$$0000000C)
    .ARM.Collect$$libshutdown$$0000000F      0x080001de   Section        0  libshutdown2.o(.ARM.Collect$$libshutdown$$0000000F)
    .ARM.Collect$$libshutdown$$00000010      0x080001de   Section        2  libshutdown2.o(.ARM.Collect$$libshutdown$$00000010)
    .ARM.Collect$$rtentry$$00000000          0x080001e0   Section        0  __rtentry.o(.ARM.Collect$$rtentry$$00000000)
    .ARM.Collect$$rtentry$$00000002          0x080001e0   Section        0  __rtentry2.o(.ARM.Collect$$rtentry$$00000002)
    .ARM.Collect$$rtentry$$00000004          0x080001e0   Section        6  __rtentry4.o(.ARM.Collect$$rtentry$$00000004)
    .ARM.Collect$$rtentry$$00000009          0x080001e6   Section        0  __rtentry2.o(.ARM.Collect$$rtentry$$00000009)
    .ARM.Collect$$rtentry$$0000000A          0x080001e6   Section        4  __rtentry2.o(.ARM.Collect$$rtentry$$0000000A)
    .ARM.Collect$$rtentry$$0000000C          0x080001ea   Section        0  __rtentry2.o(.ARM.Collect$$rtentry$$0000000C)
    .ARM.Collect$$rtentry$$0000000D          0x080001ea   Section        8  __rtentry2.o(.ARM.Collect$$rtentry$$0000000D)
    .ARM.Collect$$rtexit$$00000000           0x080001f2   Section        2  rtexit.o(.ARM.Collect$$rtexit$$00000000)
    .ARM.Collect$$rtexit$$00000002           0x080001f4   Section        0  rtexit2.o(.ARM.Collect$$rtexit$$00000002)
    .ARM.Collect$$rtexit$$00000003           0x080001f4   Section        4  rtexit2.o(.ARM.Collect$$rtexit$$00000003)
    .ARM.Collect$$rtexit$$00000004           0x080001f8   Section        6  rtexit2.o(.ARM.Collect$$rtexit$$00000004)
    .text                                    0x08000200   Section       64  startup_stm32wl55xx_cm4.o(.text)
    .text                                    0x08000240   Section       78  rt_memclr_w.o(.text)
    .text                                    0x0800028e   Section        0  heapauxi.o(.text)
    .text                                    0x08000294   Section       74  sys_stackheap_outer.o(.text)
    .text                                    0x080002de   Section        0  exit.o(.text)
    .text                                    0x080002f0   Section        8  libspace.o(.text)
    .text                                    0x080002f8   Section        0  sys_exit.o(.text)
    .text                                    0x08000304   Section        2  use_no_semi.o(.text)
    .text                                    0x08000306   Section        0  indicate_semi.o(.text)
    [Anonymous Symbol]                       0x08000308   Section        0  stm32wlxx_it.o(.text.BusFault_Handler)
    [Anonymous Symbol]                       0x0800030c   Section        0  stm32wlxx_it.o(.text.DebugMon_Handler)
    [Anonymous Symbol]                       0x08000310   Section        0  stm32wlxx_hal.o(.text.HAL_Delay)
    [Anonymous Symbol]                       0x08000338   Section        0  stm32wlxx_hal_gpio.o(.text.HAL_GPIO_Init)
    [Anonymous Symbol]                       0x080004c8   Section        0  stm32wlxx_hal_gpio.o(.text.HAL_GPIO_ReadPin)
    [Anonymous Symbol]                       0x080004d4   Section        0  stm32wlxx_hal_gpio.o(.text.HAL_GPIO_WritePin)
    [Anonymous Symbol]                       0x080004e0   Section        0  stm32wlxx_hal.o(.text.HAL_GetTick)
    [Anonymous Symbol]                       0x080004ec   Section        0  stm32wlxx_hal.o(.text.HAL_IncTick)
    [Anonymous Symbol]                       0x08000508   Section        0  stm32wlxx_hal.o(.text.HAL_Init)
    [Anonymous Symbol]                       0x08000534   Section        0  stm32wlxx_hal.o(.text.HAL_InitTick)
    [Anonymous Symbol]                       0x08000580   Section        0  stm32wlxx_hal_msp.o(.text.HAL_MspInit)
    [Anonymous Symbol]                       0x08000584   Section        0  stm32wlxx_hal_cortex.o(.text.HAL_NVIC_SetPriority)
    [Anonymous Symbol]                       0x080005dc   Section        0  stm32wlxx_hal_cortex.o(.text.HAL_NVIC_SetPriorityGrouping)
    [Anonymous Symbol]                       0x080005fc   Section        0  stm32wlxx_hal_pwr_ex.o(.text.HAL_PWREx_DisableLowPowerRunMode)
    [Anonymous Symbol]                       0x08000664   Section        0  stm32wlxx_hal_pwr_ex.o(.text.HAL_PWREx_EnableFlashPowerDown)
    [Anonymous Symbol]                       0x08000680   Section        0  stm32wlxx_hal_pwr_ex.o(.text.HAL_PWREx_EnableLowPowerRunMode)
    [Anonymous Symbol]                       0x08000694   Section        0  stm32wlxx_hal_pwr_ex.o(.text.HAL_PWREx_GetVoltageRange)
    [Anonymous Symbol]                       0x080006a4   Section        0  stm32wlxx_hal_pwr.o(.text.HAL_PWR_EnableBkUpAccess)
    [Anonymous Symbol]                       0x080006b8   Section        0  stm32wlxx_hal_pwr.o(.text.HAL_PWR_EnterSLEEPMode)
    [Anonymous Symbol]                       0x08000704   Section        0  stm32wlxx_hal_rcc.o(.text.HAL_RCC_ClockConfig)
    [Anonymous Symbol]                       0x08000930   Section        0  stm32wlxx_hal_rcc.o(.text.HAL_RCC_GetHCLKFreq)
    [Anonymous Symbol]                       0x08000954   Section        0  stm32wlxx_hal_rcc.o(.text.HAL_RCC_GetSysClockFreq)
    [Anonymous Symbol]                       0x08000a48   Section        0  stm32wlxx_hal_rcc.o(.text.HAL_RCC_OscConfig)
    [Anonymous Symbol]                       0x080011c0   Section        0  stm32wlxx_hal.o(.text.HAL_ResumeTick)
    [Anonymous Symbol]                       0x080011d4   Section        0  main.o(.text.HAL_SYSTICK_Callback)
    [Anonymous Symbol]                       0x08001208   Section        0  stm32wlxx_hal_cortex.o(.text.HAL_SYSTICK_Config)
    [Anonymous Symbol]                       0x08001234   Section        0  stm32wlxx_hal_cortex.o(.text.HAL_SYSTICK_IRQHandler)
    [Anonymous Symbol]                       0x08001238   Section        0  stm32wlxx_hal.o(.text.HAL_SuspendTick)
    [Anonymous Symbol]                       0x0800124c   Section        0  stm32wlxx_it.o(.text.HardFault_Handler)
    [Anonymous Symbol]                       0x08001250   Section        0  gpio.o(.text.MX_GPIO_Init)
    [Anonymous Symbol]                       0x080012a0   Section        0  stm32wlxx_it.o(.text.MemManage_Handler)
    [Anonymous Symbol]                       0x080012a4   Section        0  stm32wlxx_it.o(.text.NMI_Handler)
    [Anonymous Symbol]                       0x080012a8   Section        0  stm32wlxx_it.o(.text.PendSV_Handler)
    [Anonymous Symbol]                       0x080012ac   Section        0  stm32wlxx_it.o(.text.SVC_Handler)
    [Anonymous Symbol]                       0x080012b0   Section        0  stm32wlxx_it.o(.text.SysTick_Handler)
    [Anonymous Symbol]                       0x080012c0   Section        0  system_stm32wlxx.o(.text.SystemInit)
    [Anonymous Symbol]                       0x080012c4   Section        0  stm32wlxx_it.o(.text.UsageFault_Handler)
    [Anonymous Symbol]                       0x080012c8   Section        0  main.o(.text.main)
    .L__const.RCC_SetFlashLatency.FLASH_LATENCY_RANGE 0x08001504   Data          12  stm32wlxx_hal_rcc.o(.rodata..L__const.RCC_SetFlashLatency.FLASH_LATENCY_RANGE)
    .L_MergedGlobals                         0x20000000   Data           8  stm32wlxx_hal.o(.data..L_MergedGlobals)
    [Anonymous Symbol]                       0x20000000   Section        0  stm32wlxx_hal.o(.data..L_MergedGlobals)
    .bss                                     0x20000010   Section       96  libspace.o(.bss)
    TimingDelay                              0x20000070   Data           4  main.o(.bss.TimingDelay)
    [Anonymous Symbol]                       0x20000070   Section        0  main.o(.bss.TimingDelay)
    Heap_Mem                                 0x20000078   Data         512  startup_stm32wl55xx_cm4.o(HEAP)
    HEAP                                     0x20000078   Section      512  startup_stm32wl55xx_cm4.o(HEAP)
    Stack_Mem                                0x20000278   Data        1024  startup_stm32wl55xx_cm4.o(STACK)
    STACK                                    0x20000278   Section     1024  startup_stm32wl55xx_cm4.o(STACK)
    __initial_sp                             0x20000678   Data           0  startup_stm32wl55xx_cm4.o(STACK)

    Global Symbols

    Symbol Name                              Value     Ov Type        Size  Object(Section)

    BuildAttributes$$THM_ISAv4$E$P$D$K$B$S$7EM$PE$A:L22UL41UL21$X:L11$S22US41US21$IEEE1$IW$~IW$USESV6$~STKCKD$USESV7$~SHL$OTIME$ROPI$EBA8$UX$STANDARDLIB$REQ8$PRES8$EABIv2 0x00000000   Number         0  anon$$obj.o ABSOLUTE
    __fp_init_empty                          0x00000000   Number         0  fpinit_empty.o ABSOLUTE
    __ARM_exceptions_init                     - Undefined Weak Reference
    __alloca_initialize                       - Undefined Weak Reference
    __arm_preinit_                            - Undefined Weak Reference
    __arm_relocate_pie_                       - Undefined Weak Reference
    __cpp_initialize__aeabi_                  - Undefined Weak Reference
    __cxa_finalize                            - Undefined Weak Reference
    __rt_locale                               - Undefined Weak Reference
    __sigvec_lookup                           - Undefined Weak Reference
    _atexit_init                              - Undefined Weak Reference
    _call_atexit_fns                          - Undefined Weak Reference
    _clock_init                               - Undefined Weak Reference
    _fp_trap_init                             - Undefined Weak Reference
    _fp_trap_shutdown                         - Undefined Weak Reference
    _get_lc_collate                           - Undefined Weak Reference
    _get_lc_ctype                             - Undefined Weak Reference
    _get_lc_monetary                          - Undefined Weak Reference
    _get_lc_numeric                           - Undefined Weak Reference
    _get_lc_time                              - Undefined Weak Reference
    _getenv_init                              - Undefined Weak Reference
    _handle_redirection                       - Undefined Weak Reference
    _init_alloc                               - Undefined Weak Reference
    _init_user_alloc                          - Undefined Weak Reference
    _initio                                   - Undefined Weak Reference
    _rand_init                                - Undefined Weak Reference
    _signal_finish                            - Undefined Weak Reference
    _signal_init                              - Undefined Weak Reference
    _terminate_alloc                          - Undefined Weak Reference
    _terminate_user_alloc                     - Undefined Weak Reference
    _terminateio                              - Undefined Weak Reference
    __Vectors_Size                           0x00000138   Number         0  startup_stm32wl55xx_cm4.o ABSOLUTE
    __Vectors                                0x08000000   Data           4  startup_stm32wl55xx_cm4.o(RESET)
    __Vectors_End                            0x08000138   Data           0  startup_stm32wl55xx_cm4.o(RESET)
    __main                                   0x08000139   Thumb Code     8  __main.o(!!!main)
    __scatterload                            0x08000141   Thumb Code     0  __scatter.o(!!!scatter)
    __scatterload_rt2                        0x08000141   Thumb Code    84  __scatter.o(!!!scatter)
    __scatterload_rt2_thumb_only             0x08000141   Thumb Code     0  __scatter.o(!!!scatter)
    __scatterload_loop                       0x0800014b   Thumb Code     0  __scatter.o(!!!scatter)
    __scatterload_copy                       0x0800019d   Thumb Code    26  __scatter_copy.o(!!handler_copy)
    __scatterload_null                       0x080001b9   Thumb Code     2  __scatter.o(!!handler_null)
    __scatterload_zeroinit                   0x080001bd   Thumb Code    28  __scatter_zi.o(!!handler_zi)
    __rt_lib_init                            0x080001d9   Thumb Code     0  libinit.o(.ARM.Collect$$libinit$$00000000)
    __rt_lib_init_alloca_1                   0x080001db   Thumb Code     0  libinit2.o(.ARM.Collect$$libinit$$00000030)
    __rt_lib_init_argv_1                     0x080001db   Thumb Code     0  libinit2.o(.ARM.Collect$$libinit$$0000002E)
    __rt_lib_init_atexit_1                   0x080001db   Thumb Code     0  libinit2.o(.ARM.Collect$$libinit$$0000001D)
    __rt_lib_init_clock_1                    0x080001db   Thumb Code     0  libinit2.o(.ARM.Collect$$libinit$$00000023)
    __rt_lib_init_cpp_1                      0x080001db   Thumb Code     0  libinit2.o(.ARM.Collect$$libinit$$00000034)
    __rt_lib_init_exceptions_1               0x080001db   Thumb Code     0  libinit2.o(.ARM.Collect$$libinit$$00000032)
    __rt_lib_init_fp_1                       0x080001db   Thumb Code     0  libinit2.o(.ARM.Collect$$libinit$$00000002)
    __rt_lib_init_fp_trap_1                  0x080001db   Thumb Code     0  libinit2.o(.ARM.Collect$$libinit$$00000021)
    __rt_lib_init_getenv_1                   0x080001db   Thumb Code     0  libinit2.o(.ARM.Collect$$libinit$$00000025)
    __rt_lib_init_heap_1                     0x080001db   Thumb Code     0  libinit2.o(.ARM.Collect$$libinit$$0000000C)
    __rt_lib_init_lc_collate_1               0x080001db   Thumb Code     0  libinit2.o(.ARM.Collect$$libinit$$00000013)
    __rt_lib_init_lc_ctype_1                 0x080001db   Thumb Code     0  libinit2.o(.ARM.Collect$$libinit$$00000015)
    __rt_lib_init_lc_monetary_1              0x080001db   Thumb Code     0  libinit2.o(.ARM.Collect$$libinit$$00000017)
    __rt_lib_init_lc_numeric_1               0x080001db   Thumb Code     0  libinit2.o(.ARM.Collect$$libinit$$00000019)
    __rt_lib_init_lc_time_1                  0x080001db   Thumb Code     0  libinit2.o(.ARM.Collect$$libinit$$0000001B)
    __rt_lib_init_preinit_1                  0x080001db   Thumb Code     0  libinit2.o(.ARM.Collect$$libinit$$00000006)
    __rt_lib_init_rand_1                     0x080001db   Thumb Code     0  libinit2.o(.ARM.Collect$$libinit$$00000010)
    __rt_lib_init_relocate_pie_1             0x080001db   Thumb Code     0  libinit2.o(.ARM.Collect$$libinit$$00000004)
    __rt_lib_init_return                     0x080001db   Thumb Code     0  libinit2.o(.ARM.Collect$$libinit$$00000035)
    __rt_lib_init_signal_1                   0x080001db   Thumb Code     0  libinit2.o(.ARM.Collect$$libinit$$0000001F)
    __rt_lib_init_stdio_1                    0x080001db   Thumb Code     0  libinit2.o(.ARM.Collect$$libinit$$00000027)
    __rt_lib_init_user_alloc_1               0x080001db   Thumb Code     0  libinit2.o(.ARM.Collect$$libinit$$0000000E)
    __rt_lib_shutdown                        0x080001dd   Thumb Code     0  libshutdown.o(.ARM.Collect$$libshutdown$$00000000)
    __rt_lib_shutdown_cpp_1                  0x080001df   Thumb Code     0  libshutdown2.o(.ARM.Collect$$libshutdown$$00000002)
    __rt_lib_shutdown_fp_trap_1              0x080001df   Thumb Code     0  libshutdown2.o(.ARM.Collect$$libshutdown$$00000007)
    __rt_lib_shutdown_heap_1                 0x080001df   Thumb Code     0  libshutdown2.o(.ARM.Collect$$libshutdown$$0000000F)
    __rt_lib_shutdown_return                 0x080001df   Thumb Code     0  libshutdown2.o(.ARM.Collect$$libshutdown$$00000010)
    __rt_lib_shutdown_signal_1               0x080001df   Thumb Code     0  libshutdown2.o(.ARM.Collect$$libshutdown$$0000000A)
    __rt_lib_shutdown_stdio_1                0x080001df   Thumb Code     0  libshutdown2.o(.ARM.Collect$$libshutdown$$00000004)
    __rt_lib_shutdown_user_alloc_1           0x080001df   Thumb Code     0  libshutdown2.o(.ARM.Collect$$libshutdown$$0000000C)
    __rt_entry                               0x080001e1   Thumb Code     0  __rtentry.o(.ARM.Collect$$rtentry$$00000000)
    __rt_entry_presh_1                       0x080001e1   Thumb Code     0  __rtentry2.o(.ARM.Collect$$rtentry$$00000002)
    __rt_entry_sh                            0x080001e1   Thumb Code     0  __rtentry4.o(.ARM.Collect$$rtentry$$00000004)
    __rt_entry_li                            0x080001e7   Thumb Code     0  __rtentry2.o(.ARM.Collect$$rtentry$$0000000A)
    __rt_entry_postsh_1                      0x080001e7   Thumb Code     0  __rtentry2.o(.ARM.Collect$$rtentry$$00000009)
    __rt_entry_main                          0x080001eb   Thumb Code     0  __rtentry2.o(.ARM.Collect$$rtentry$$0000000D)
    __rt_entry_postli_1                      0x080001eb   Thumb Code     0  __rtentry2.o(.ARM.Collect$$rtentry$$0000000C)
    __rt_exit                                0x080001f3   Thumb Code     0  rtexit.o(.ARM.Collect$$rtexit$$00000000)
    __rt_exit_ls                             0x080001f5   Thumb Code     0  rtexit2.o(.ARM.Collect$$rtexit$$00000003)
    __rt_exit_prels_1                        0x080001f5   Thumb Code     0  rtexit2.o(.ARM.Collect$$rtexit$$00000002)
    __rt_exit_exit                           0x080001f9   Thumb Code     0  rtexit2.o(.ARM.Collect$$rtexit$$00000004)
    Reset_Handler                            0x08000201   Thumb Code     8  startup_stm32wl55xx_cm4.o(.text)
    ADC_IRQHandler                           0x0800021b   Thumb Code     0  startup_stm32wl55xx_cm4.o(.text)
    AES_IRQHandler                           0x0800021b   Thumb Code     0  startup_stm32wl55xx_cm4.o(.text)
    C2SEV_PWR_C2H_IRQHandler                 0x0800021b   Thumb Code     0  startup_stm32wl55xx_cm4.o(.text)
    COMP_IRQHandler                          0x0800021b   Thumb Code     0  startup_stm32wl55xx_cm4.o(.text)
    DAC_IRQHandler                           0x0800021b   Thumb Code     0  startup_stm32wl55xx_cm4.o(.text)
    DMA1_Channel1_IRQHandler                 0x0800021b   Thumb Code     0  startup_stm32wl55xx_cm4.o(.text)
    DMA1_Channel2_IRQHandler                 0x0800021b   Thumb Code     0  startup_stm32wl55xx_cm4.o(.text)
    DMA1_Channel3_IRQHandler                 0x0800021b   Thumb Code     0  startup_stm32wl55xx_cm4.o(.text)
    DMA1_Channel4_IRQHandler                 0x0800021b   Thumb Code     0  startup_stm32wl55xx_cm4.o(.text)
    DMA1_Channel5_IRQHandler                 0x0800021b   Thumb Code     0  startup_stm32wl55xx_cm4.o(.text)
    DMA1_Channel6_IRQHandler                 0x0800021b   Thumb Code     0  startup_stm32wl55xx_cm4.o(.text)
    DMA1_Channel7_IRQHandler                 0x0800021b   Thumb Code     0  startup_stm32wl55xx_cm4.o(.text)
    DMA2_Channel1_IRQHandler                 0x0800021b   Thumb Code     0  startup_stm32wl55xx_cm4.o(.text)
    DMA2_Channel2_IRQHandler                 0x0800021b   Thumb Code     0  startup_stm32wl55xx_cm4.o(.text)
    DMA2_Channel3_IRQHandler                 0x0800021b   Thumb Code     0  startup_stm32wl55xx_cm4.o(.text)
    DMA2_Channel4_IRQHandler                 0x0800021b   Thumb Code     0  startup_stm32wl55xx_cm4.o(.text)
    DMA2_Channel5_IRQHandler                 0x0800021b   Thumb Code     0  startup_stm32wl55xx_cm4.o(.text)
    DMA2_Channel6_IRQHandler                 0x0800021b   Thumb Code     0  startup_stm32wl55xx_cm4.o(.text)
    DMA2_Channel7_IRQHandler                 0x0800021b   Thumb Code     0  startup_stm32wl55xx_cm4.o(.text)
    DMAMUX1_OVR_IRQHandler                   0x0800021b   Thumb Code     0  startup_stm32wl55xx_cm4.o(.text)
    EXTI0_IRQHandler                         0x0800021b   Thumb Code     0  startup_stm32wl55xx_cm4.o(.text)
    EXTI15_10_IRQHandler                     0x0800021b   Thumb Code     0  startup_stm32wl55xx_cm4.o(.text)
    EXTI1_IRQHandler                         0x0800021b   Thumb Code     0  startup_stm32wl55xx_cm4.o(.text)
    EXTI2_IRQHandler                         0x0800021b   Thumb Code     0  startup_stm32wl55xx_cm4.o(.text)
    EXTI3_IRQHandler                         0x0800021b   Thumb Code     0  startup_stm32wl55xx_cm4.o(.text)
    EXTI4_IRQHandler                         0x0800021b   Thumb Code     0  startup_stm32wl55xx_cm4.o(.text)
    EXTI9_5_IRQHandler                       0x0800021b   Thumb Code     0  startup_stm32wl55xx_cm4.o(.text)
    FLASH_IRQHandler                         0x0800021b   Thumb Code     0  startup_stm32wl55xx_cm4.o(.text)
    HSEM_IRQHandler                          0x0800021b   Thumb Code     0  startup_stm32wl55xx_cm4.o(.text)
    I2C1_ER_IRQHandler                       0x0800021b   Thumb Code     0  startup_stm32wl55xx_cm4.o(.text)
    I2C1_EV_IRQHandler                       0x0800021b   Thumb Code     0  startup_stm32wl55xx_cm4.o(.text)
    I2C2_ER_IRQHandler                       0x0800021b   Thumb Code     0  startup_stm32wl55xx_cm4.o(.text)
    I2C2_EV_IRQHandler                       0x0800021b   Thumb Code     0  startup_stm32wl55xx_cm4.o(.text)
    I2C3_ER_IRQHandler                       0x0800021b   Thumb Code     0  startup_stm32wl55xx_cm4.o(.text)
    I2C3_EV_IRQHandler                       0x0800021b   Thumb Code     0  startup_stm32wl55xx_cm4.o(.text)
    IPCC_C1_RX_IRQHandler                    0x0800021b   Thumb Code     0  startup_stm32wl55xx_cm4.o(.text)
    IPCC_C1_TX_IRQHandler                    0x0800021b   Thumb Code     0  startup_stm32wl55xx_cm4.o(.text)
    LPTIM1_IRQHandler                        0x0800021b   Thumb Code     0  startup_stm32wl55xx_cm4.o(.text)
    LPTIM2_IRQHandler                        0x0800021b   Thumb Code     0  startup_stm32wl55xx_cm4.o(.text)
    LPTIM3_IRQHandler                        0x0800021b   Thumb Code     0  startup_stm32wl55xx_cm4.o(.text)
    LPUART1_IRQHandler                       0x0800021b   Thumb Code     0  startup_stm32wl55xx_cm4.o(.text)
    PKA_IRQHandler                           0x0800021b   Thumb Code     0  startup_stm32wl55xx_cm4.o(.text)
    PVD_PVM_IRQHandler                       0x0800021b   Thumb Code     0  startup_stm32wl55xx_cm4.o(.text)
    RCC_IRQHandler                           0x0800021b   Thumb Code     0  startup_stm32wl55xx_cm4.o(.text)
    RNG_IRQHandler                           0x0800021b   Thumb Code     0  startup_stm32wl55xx_cm4.o(.text)
    RTC_Alarm_IRQHandler                     0x0800021b   Thumb Code     0  startup_stm32wl55xx_cm4.o(.text)
    RTC_WKUP_IRQHandler                      0x0800021b   Thumb Code     0  startup_stm32wl55xx_cm4.o(.text)
    SPI1_IRQHandler                          0x0800021b   Thumb Code     0  startup_stm32wl55xx_cm4.o(.text)
    SPI2_IRQHandler                          0x0800021b   Thumb Code     0  startup_stm32wl55xx_cm4.o(.text)
    SUBGHZSPI_IRQHandler                     0x0800021b   Thumb Code     0  startup_stm32wl55xx_cm4.o(.text)
    SUBGHZ_Radio_IRQHandler                  0x0800021b   Thumb Code     0  startup_stm32wl55xx_cm4.o(.text)
    TAMP_STAMP_LSECSS_SSRU_IRQHandler        0x0800021b   Thumb Code     0  startup_stm32wl55xx_cm4.o(.text)
    TIM16_IRQHandler                         0x0800021b   Thumb Code     0  startup_stm32wl55xx_cm4.o(.text)
    TIM17_IRQHandler                         0x0800021b   Thumb Code     0  startup_stm32wl55xx_cm4.o(.text)
    TIM1_BRK_IRQHandler                      0x0800021b   Thumb Code     0  startup_stm32wl55xx_cm4.o(.text)
    TIM1_CC_IRQHandler                       0x0800021b   Thumb Code     0  startup_stm32wl55xx_cm4.o(.text)
    TIM1_TRG_COM_IRQHandler                  0x0800021b   Thumb Code     0  startup_stm32wl55xx_cm4.o(.text)
    TIM1_UP_IRQHandler                       0x0800021b   Thumb Code     0  startup_stm32wl55xx_cm4.o(.text)
    TIM2_IRQHandler                          0x0800021b   Thumb Code     0  startup_stm32wl55xx_cm4.o(.text)
    USART1_IRQHandler                        0x0800021b   Thumb Code     0  startup_stm32wl55xx_cm4.o(.text)
    USART2_IRQHandler                        0x0800021b   Thumb Code     0  startup_stm32wl55xx_cm4.o(.text)
    WWDG_IRQHandler                          0x0800021b   Thumb Code     0  startup_stm32wl55xx_cm4.o(.text)
    __user_initial_stackheap                 0x0800021d   Thumb Code     0  startup_stm32wl55xx_cm4.o(.text)
    __aeabi_memclr4                          0x08000241   Thumb Code     0  rt_memclr_w.o(.text)
    __aeabi_memclr8                          0x08000241   Thumb Code     0  rt_memclr_w.o(.text)
    __rt_memclr_w                            0x08000241   Thumb Code     0  rt_memclr_w.o(.text)
    _memset_w                                0x08000245   Thumb Code    74  rt_memclr_w.o(.text)
    __use_two_region_memory                  0x0800028f   Thumb Code     2  heapauxi.o(.text)
    __rt_heap_escrow$2region                 0x08000291   Thumb Code     2  heapauxi.o(.text)
    __rt_heap_expand$2region                 0x08000293   Thumb Code     2  heapauxi.o(.text)
    __user_setup_stackheap                   0x08000295   Thumb Code    74  sys_stackheap_outer.o(.text)
    exit                                     0x080002df   Thumb Code    18  exit.o(.text)
    __user_libspace                          0x080002f1   Thumb Code     8  libspace.o(.text)
    __user_perproc_libspace                  0x080002f1   Thumb Code     0  libspace.o(.text)
    __user_perthread_libspace                0x080002f1   Thumb Code     0  libspace.o(.text)
    _sys_exit                                0x080002f9   Thumb Code     8  sys_exit.o(.text)
    __I$use$semihosting                      0x08000305   Thumb Code     0  use_no_semi.o(.text)
    __use_no_semihosting_swi                 0x08000305   Thumb Code     2  use_no_semi.o(.text)
    __semihosting_library_function           0x08000307   Thumb Code     0  indicate_semi.o(.text)
    BusFault_Handler                         0x08000309   Thumb Code     2  stm32wlxx_it.o(.text.BusFault_Handler)
    DebugMon_Handler                         0x0800030d   Thumb Code     2  stm32wlxx_it.o(.text.DebugMon_Handler)
    HAL_Delay                                0x08000311   Thumb Code    40  stm32wlxx_hal.o(.text.HAL_Delay)
    HAL_GPIO_Init                            0x08000339   Thumb Code   398  stm32wlxx_hal_gpio.o(.text.HAL_GPIO_Init)
    HAL_GPIO_ReadPin                         0x080004c9   Thumb Code    10  stm32wlxx_hal_gpio.o(.text.HAL_GPIO_ReadPin)
    HAL_GPIO_WritePin                        0x080004d5   Thumb Code    12  stm32wlxx_hal_gpio.o(.text.HAL_GPIO_WritePin)
    HAL_GetTick                              0x080004e1   Thumb Code    12  stm32wlxx_hal.o(.text.HAL_GetTick)
    HAL_IncTick                              0x080004ed   Thumb Code    26  stm32wlxx_hal.o(.text.HAL_IncTick)
    HAL_Init                                 0x08000509   Thumb Code    44  stm32wlxx_hal.o(.text.HAL_Init)
    HAL_InitTick                             0x08000535   Thumb Code    76  stm32wlxx_hal.o(.text.HAL_InitTick)
    HAL_MspInit                              0x08000581   Thumb Code     2  stm32wlxx_hal_msp.o(.text.HAL_MspInit)
    HAL_NVIC_SetPriority                     0x08000585   Thumb Code    86  stm32wlxx_hal_cortex.o(.text.HAL_NVIC_SetPriority)
    HAL_NVIC_SetPriorityGrouping             0x080005dd   Thumb Code    32  stm32wlxx_hal_cortex.o(.text.HAL_NVIC_SetPriorityGrouping)
    HAL_PWREx_DisableLowPowerRunMode         0x080005fd   Thumb Code   102  stm32wlxx_hal_pwr_ex.o(.text.HAL_PWREx_DisableLowPowerRunMode)
    HAL_PWREx_EnableFlashPowerDown           0x08000665   Thumb Code    26  stm32wlxx_hal_pwr_ex.o(.text.HAL_PWREx_EnableFlashPowerDown)
    HAL_PWREx_EnableLowPowerRunMode          0x08000681   Thumb Code    18  stm32wlxx_hal_pwr_ex.o(.text.HAL_PWREx_EnableLowPowerRunMode)
    HAL_PWREx_GetVoltageRange                0x08000695   Thumb Code    16  stm32wlxx_hal_pwr_ex.o(.text.HAL_PWREx_GetVoltageRange)
    HAL_PWR_EnableBkUpAccess                 0x080006a5   Thumb Code    18  stm32wlxx_hal_pwr.o(.text.HAL_PWR_EnableBkUpAccess)
    HAL_PWR_EnterSLEEPMode                   0x080006b9   Thumb Code    74  stm32wlxx_hal_pwr.o(.text.HAL_PWR_EnterSLEEPMode)
    HAL_RCC_ClockConfig                      0x08000705   Thumb Code   554  stm32wlxx_hal_rcc.o(.text.HAL_RCC_ClockConfig)
    HAL_RCC_GetHCLKFreq                      0x08000931   Thumb Code    36  stm32wlxx_hal_rcc.o(.text.HAL_RCC_GetHCLKFreq)
    HAL_RCC_GetSysClockFreq                  0x08000955   Thumb Code   242  stm32wlxx_hal_rcc.o(.text.HAL_RCC_GetSysClockFreq)
    HAL_RCC_OscConfig                        0x08000a49   Thumb Code  1910  stm32wlxx_hal_rcc.o(.text.HAL_RCC_OscConfig)
    HAL_ResumeTick                           0x080011c1   Thumb Code    18  stm32wlxx_hal.o(.text.HAL_ResumeTick)
    HAL_SYSTICK_Callback                     0x080011d5   Thumb Code    52  main.o(.text.HAL_SYSTICK_Callback)
    HAL_SYSTICK_Config                       0x08001209   Thumb Code    44  stm32wlxx_hal_cortex.o(.text.HAL_SYSTICK_Config)
    HAL_SYSTICK_IRQHandler                   0x08001235   Thumb Code     4  stm32wlxx_hal_cortex.o(.text.HAL_SYSTICK_IRQHandler)
    HAL_SuspendTick                          0x08001239   Thumb Code    18  stm32wlxx_hal.o(.text.HAL_SuspendTick)
    HardFault_Handler                        0x0800124d   Thumb Code     2  stm32wlxx_it.o(.text.HardFault_Handler)
    MX_GPIO_Init                             0x08001251   Thumb Code    78  gpio.o(.text.MX_GPIO_Init)
    MemManage_Handler                        0x080012a1   Thumb Code     2  stm32wlxx_it.o(.text.MemManage_Handler)
    NMI_Handler                              0x080012a5   Thumb Code     2  stm32wlxx_it.o(.text.NMI_Handler)
    PendSV_Handler                           0x080012a9   Thumb Code     2  stm32wlxx_it.o(.text.PendSV_Handler)
    SVC_Handler                              0x080012ad   Thumb Code     2  stm32wlxx_it.o(.text.SVC_Handler)
    SysTick_Handler                          0x080012b1   Thumb Code    14  stm32wlxx_it.o(.text.SysTick_Handler)
    SystemInit                               0x080012c1   Thumb Code     2  system_stm32wlxx.o(.text.SystemInit)
    UsageFault_Handler                       0x080012c5   Thumb Code     2  stm32wlxx_it.o(.text.UsageFault_Handler)
    main                                     0x080012c9   Thumb Code   570  main.o(.text.main)
    AHBPrescTable                            0x08001510   Data          64  system_stm32wlxx.o(.rodata.AHBPrescTable)
    MSIRangeTable                            0x08001550   Data          64  system_stm32wlxx.o(.rodata.MSIRangeTable)
    Region$$Table$$Base                      0x08001590   Number         0  anon$$obj.o(Region$$Table)
    Region$$Table$$Limit                     0x080015b0   Number         0  anon$$obj.o(Region$$Table)
    uwTickFreq                               0x20000000   Data           1  stm32wlxx_hal.o(.data..L_MergedGlobals)
    uwTickPrio                               0x20000004   Data           4  stm32wlxx_hal.o(.data..L_MergedGlobals)
    SystemCoreClock                          0x20000008   Data           4  system_stm32wlxx.o(.data.SystemCoreClock)
    __libspace_start                         0x20000010   Data          96  libspace.o(.bss)
    __temporary_stack_top$libspace           0x20000070   Data           0  libspace.o(.bss)
    uwTick                                   0x20000074   Data           4  stm32wlxx_hal.o(.bss.uwTick)



==============================================================================

Memory Map of the image

  Image Entry point : 0x08000139

  Load Region LR_IROM1 (Base: 0x08000000, Size: 0x000015c0, Max: 0x00040000, ABSOLUTE)

    Execution Region ER_IROM1 (Exec base: 0x08000000, Load base: 0x08000000, Size: 0x000015b0, Max: 0x00040000, ABSOLUTE)

    Exec Addr    Load Addr    Size         Type   Attr      Idx    E Section Name        Object

    0x08000000   0x08000000   0x00000138   Data   RO            4    RESET               startup_stm32wl55xx_cm4.o
    0x08000138   0x08000138   0x00000008   Code   RO          609  * !!!main             c_w.l(__main.o)
    0x08000140   0x08000140   0x0000005c   Code   RO          774    !!!scatter          c_w.l(__scatter.o)
    0x0800019c   0x0800019c   0x0000001a   Code   RO          778    !!handler_copy      c_w.l(__scatter_copy.o)
    0x080001b6   0x080001b6   0x00000002   PAD
    0x080001b8   0x080001b8   0x00000002   Code   RO          775    !!handler_null      c_w.l(__scatter.o)
    0x080001ba   0x080001ba   0x00000002   PAD
    0x080001bc   0x080001bc   0x0000001c   Code   RO          780    !!handler_zi        c_w.l(__scatter_zi.o)
    0x080001d8   0x080001d8   0x00000002   Code   RO          636    .ARM.Collect$$libinit$$00000000  c_w.l(libinit.o)
    0x080001da   0x080001da   0x00000000   Code   RO          643    .ARM.Collect$$libinit$$00000002  c_w.l(libinit2.o)
    0x080001da   0x080001da   0x00000000   Code   RO          645    .ARM.Collect$$libinit$$00000004  c_w.l(libinit2.o)
    0x080001da   0x080001da   0x00000000   Code   RO          647    .ARM.Collect$$libinit$$00000006  c_w.l(libinit2.o)
    0x080001da   0x080001da   0x00000000   Code   RO          650    .ARM.Collect$$libinit$$0000000C  c_w.l(libinit2.o)
    0x080001da   0x080001da   0x00000000   Code   RO          652    .ARM.Collect$$libinit$$0000000E  c_w.l(libinit2.o)
    0x080001da   0x080001da   0x00000000   Code   RO          654    .ARM.Collect$$libinit$$00000010  c_w.l(libinit2.o)
    0x080001da   0x080001da   0x00000000   Code   RO          657    .ARM.Collect$$libinit$$00000013  c_w.l(libinit2.o)
    0x080001da   0x080001da   0x00000000   Code   RO          659    .ARM.Collect$$libinit$$00000015  c_w.l(libinit2.o)
    0x080001da   0x080001da   0x00000000   Code   RO          661    .ARM.Collect$$libinit$$00000017  c_w.l(libinit2.o)
    0x080001da   0x080001da   0x00000000   Code   RO          663    .ARM.Collect$$libinit$$00000019  c_w.l(libinit2.o)
    0x080001da   0x080001da   0x00000000   Code   RO          665    .ARM.Collect$$libinit$$0000001B  c_w.l(libinit2.o)
    0x080001da   0x080001da   0x00000000   Code   RO          667    .ARM.Collect$$libinit$$0000001D  c_w.l(libinit2.o)
    0x080001da   0x080001da   0x00000000   Code   RO          669    .ARM.Collect$$libinit$$0000001F  c_w.l(libinit2.o)
    0x080001da   0x080001da   0x00000000   Code   RO          671    .ARM.Collect$$libinit$$00000021  c_w.l(libinit2.o)
    0x080001da   0x080001da   0x00000000   Code   RO          673    .ARM.Collect$$libinit$$00000023  c_w.l(libinit2.o)
    0x080001da   0x080001da   0x00000000   Code   RO          675    .ARM.Collect$$libinit$$00000025  c_w.l(libinit2.o)
    0x080001da   0x080001da   0x00000000   Code   RO          677    .ARM.Collect$$libinit$$00000027  c_w.l(libinit2.o)
    0x080001da   0x080001da   0x00000000   Code   RO          681    .ARM.Collect$$libinit$$0000002E  c_w.l(libinit2.o)
    0x080001da   0x080001da   0x00000000   Code   RO          683    .ARM.Collect$$libinit$$00000030  c_w.l(libinit2.o)
    0x080001da   0x080001da   0x00000000   Code   RO          685    .ARM.Collect$$libinit$$00000032  c_w.l(libinit2.o)
    0x080001da   0x080001da   0x00000000   Code   RO          687    .ARM.Collect$$libinit$$00000034  c_w.l(libinit2.o)
    0x080001da   0x080001da   0x00000002   Code   RO          688    .ARM.Collect$$libinit$$00000035  c_w.l(libinit2.o)
    0x080001dc   0x080001dc   0x00000002   Code   RO          710    .ARM.Collect$$libshutdown$$00000000  c_w.l(libshutdown.o)
    0x080001de   0x080001de   0x00000000   Code   RO          725    .ARM.Collect$$libshutdown$$00000002  c_w.l(libshutdown2.o)
    0x080001de   0x080001de   0x00000000   Code   RO          727    .ARM.Collect$$libshutdown$$00000004  c_w.l(libshutdown2.o)
    0x080001de   0x080001de   0x00000000   Code   RO          730    .ARM.Collect$$libshutdown$$00000007  c_w.l(libshutdown2.o)
    0x080001de   0x080001de   0x00000000   Code   RO          733    .ARM.Collect$$libshutdown$$0000000A  c_w.l(libshutdown2.o)
    0x080001de   0x080001de   0x00000000   Code   RO          735    .ARM.Collect$$libshutdown$$0000000C  c_w.l(libshutdown2.o)
    0x080001de   0x080001de   0x00000000   Code   RO          738    .ARM.Collect$$libshutdown$$0000000F  c_w.l(libshutdown2.o)
    0x080001de   0x080001de   0x00000002   Code   RO          739    .ARM.Collect$$libshutdown$$00000010  c_w.l(libshutdown2.o)
    0x080001e0   0x080001e0   0x00000000   Code   RO          611    .ARM.Collect$$rtentry$$00000000  c_w.l(__rtentry.o)
    0x080001e0   0x080001e0   0x00000000   Code   RO          613    .ARM.Collect$$rtentry$$00000002  c_w.l(__rtentry2.o)
    0x080001e0   0x080001e0   0x00000006   Code   RO          625    .ARM.Collect$$rtentry$$00000004  c_w.l(__rtentry4.o)
    0x080001e6   0x080001e6   0x00000000   Code   RO          615    .ARM.Collect$$rtentry$$00000009  c_w.l(__rtentry2.o)
    0x080001e6   0x080001e6   0x00000004   Code   RO          616    .ARM.Collect$$rtentry$$0000000A  c_w.l(__rtentry2.o)
    0x080001ea   0x080001ea   0x00000000   Code   RO          618    .ARM.Collect$$rtentry$$0000000C  c_w.l(__rtentry2.o)
    0x080001ea   0x080001ea   0x00000008   Code   RO          619    .ARM.Collect$$rtentry$$0000000D  c_w.l(__rtentry2.o)
    0x080001f2   0x080001f2   0x00000002   Code   RO          640    .ARM.Collect$$rtexit$$00000000  c_w.l(rtexit.o)
    0x080001f4   0x080001f4   0x00000000   Code   RO          690    .ARM.Collect$$rtexit$$00000002  c_w.l(rtexit2.o)
    0x080001f4   0x080001f4   0x00000004   Code   RO          691    .ARM.Collect$$rtexit$$00000003  c_w.l(rtexit2.o)
    0x080001f8   0x080001f8   0x00000006   Code   RO          692    .ARM.Collect$$rtexit$$00000004  c_w.l(rtexit2.o)
    0x080001fe   0x080001fe   0x00000002   PAD
    0x08000200   0x08000200   0x00000040   Code   RO            5    .text               startup_stm32wl55xx_cm4.o
    0x08000240   0x08000240   0x0000004e   Code   RO          605    .text               c_w.l(rt_memclr_w.o)
    0x0800028e   0x0800028e   0x00000006   Code   RO          607    .text               c_w.l(heapauxi.o)
    0x08000294   0x08000294   0x0000004a   Code   RO          627    .text               c_w.l(sys_stackheap_outer.o)
    0x080002de   0x080002de   0x00000012   Code   RO          629    .text               c_w.l(exit.o)
    0x080002f0   0x080002f0   0x00000008   Code   RO          637    .text               c_w.l(libspace.o)
    0x080002f8   0x080002f8   0x0000000c   Code   RO          700    .text               c_w.l(sys_exit.o)
    0x08000304   0x08000304   0x00000002   Code   RO          715    .text               c_w.l(use_no_semi.o)
    0x08000306   0x08000306   0x00000000   Code   RO          717    .text               c_w.l(indicate_semi.o)
    0x08000306   0x08000306   0x00000002   PAD
    0x08000308   0x08000308   0x00000002   Code   RO           47    .text.BusFault_Handler  stm32wlxx_it.o
    0x0800030a   0x0800030a   0x00000002   PAD
    0x0800030c   0x0800030c   0x00000002   Code   RO           53    .text.DebugMon_Handler  stm32wlxx_it.o
    0x0800030e   0x0800030e   0x00000002   PAD
    0x08000310   0x08000310   0x00000028   Code   RO          502    .text.HAL_Delay     stm32wlxx_hal.o
    0x08000338   0x08000338   0x0000018e   Code   RO          356    .text.HAL_GPIO_Init  stm32wlxx_hal_gpio.o
    0x080004c6   0x080004c6   0x00000002   PAD
    0x080004c8   0x080004c8   0x0000000a   Code   RO          360    .text.HAL_GPIO_ReadPin  stm32wlxx_hal_gpio.o
    0x080004d2   0x080004d2   0x00000002   PAD
    0x080004d4   0x080004d4   0x0000000c   Code   RO          362    .text.HAL_GPIO_WritePin  stm32wlxx_hal_gpio.o
    0x080004e0   0x080004e0   0x0000000c   Code   RO          494    .text.HAL_GetTick   stm32wlxx_hal.o
    0x080004ec   0x080004ec   0x0000001a   Code   RO          492    .text.HAL_IncTick   stm32wlxx_hal.o
    0x08000506   0x08000506   0x00000002   PAD
    0x08000508   0x08000508   0x0000002c   Code   RO          482    .text.HAL_Init      stm32wlxx_hal.o
    0x08000534   0x08000534   0x0000004c   Code   RO          484    .text.HAL_InitTick  stm32wlxx_hal.o
    0x08000580   0x08000580   0x00000002   Code   RO           66    .text.HAL_MspInit   stm32wlxx_hal_msp.o
    0x08000582   0x08000582   0x00000002   PAD
    0x08000584   0x08000584   0x00000056   Code   RO          438    .text.HAL_NVIC_SetPriority  stm32wlxx_hal_cortex.o
    0x080005da   0x080005da   0x00000002   PAD
    0x080005dc   0x080005dc   0x00000020   Code   RO          436    .text.HAL_NVIC_SetPriorityGrouping  stm32wlxx_hal_cortex.o
    0x080005fc   0x080005fc   0x00000066   Code   RO          184    .text.HAL_PWREx_DisableLowPowerRunMode  stm32wlxx_hal_pwr_ex.o
    0x08000662   0x08000662   0x00000002   PAD
    0x08000664   0x08000664   0x0000001a   Code   RO          158    .text.HAL_PWREx_EnableFlashPowerDown  stm32wlxx_hal_pwr_ex.o
    0x0800067e   0x0800067e   0x00000002   PAD
    0x08000680   0x08000680   0x00000012   Code   RO          182    .text.HAL_PWREx_EnableLowPowerRunMode  stm32wlxx_hal_pwr_ex.o
    0x08000692   0x08000692   0x00000002   PAD
    0x08000694   0x08000694   0x00000010   Code   RO          116    .text.HAL_PWREx_GetVoltageRange  stm32wlxx_hal_pwr_ex.o
    0x080006a4   0x080006a4   0x00000012   Code   RO           78    .text.HAL_PWR_EnableBkUpAccess  stm32wlxx_hal_pwr.o
    0x080006b6   0x080006b6   0x00000002   PAD
    0x080006b8   0x080006b8   0x0000004a   Code   RO           92    .text.HAL_PWR_EnterSLEEPMode  stm32wlxx_hal_pwr.o
    0x08000702   0x08000702   0x00000002   PAD
    0x08000704   0x08000704   0x0000022a   Code   RO          212    .text.HAL_RCC_ClockConfig  stm32wlxx_hal_rcc.o
    0x0800092e   0x0800092e   0x00000002   PAD
    0x08000930   0x08000930   0x00000024   Code   RO          210    .text.HAL_RCC_GetHCLKFreq  stm32wlxx_hal_rcc.o
    0x08000954   0x08000954   0x000000f2   Code   RO          216    .text.HAL_RCC_GetSysClockFreq  stm32wlxx_hal_rcc.o
    0x08000a46   0x08000a46   0x00000002   PAD
    0x08000a48   0x08000a48   0x00000776   Code   RO          208    .text.HAL_RCC_OscConfig  stm32wlxx_hal_rcc.o
    0x080011be   0x080011be   0x00000002   PAD
    0x080011c0   0x080011c0   0x00000012   Code   RO          506    .text.HAL_ResumeTick  stm32wlxx_hal.o
    0x080011d2   0x080011d2   0x00000002   PAD
    0x080011d4   0x080011d4   0x00000034   Code   RO           16    .text.HAL_SYSTICK_Callback  main.o
    0x08001208   0x08001208   0x0000002c   Code   RO          448    .text.HAL_SYSTICK_Config  stm32wlxx_hal_cortex.o
    0x08001234   0x08001234   0x00000004   Code   RO          464    .text.HAL_SYSTICK_IRQHandler  stm32wlxx_hal_cortex.o
    0x08001238   0x08001238   0x00000012   Code   RO          504    .text.HAL_SuspendTick  stm32wlxx_hal.o
    0x0800124a   0x0800124a   0x00000002   PAD
    0x0800124c   0x0800124c   0x00000002   Code   RO           43    .text.HardFault_Handler  stm32wlxx_it.o
    0x0800124e   0x0800124e   0x00000002   PAD
    0x08001250   0x08001250   0x0000004e   Code   RO           32    .text.MX_GPIO_Init  gpio.o
    0x0800129e   0x0800129e   0x00000002   PAD
    0x080012a0   0x080012a0   0x00000002   Code   RO           45    .text.MemManage_Handler  stm32wlxx_it.o
    0x080012a2   0x080012a2   0x00000002   PAD
    0x080012a4   0x080012a4   0x00000002   Code   RO           41    .text.NMI_Handler   stm32wlxx_it.o
    0x080012a6   0x080012a6   0x00000002   PAD
    0x080012a8   0x080012a8   0x00000002   Code   RO           55    .text.PendSV_Handler  stm32wlxx_it.o
    0x080012aa   0x080012aa   0x00000002   PAD
    0x080012ac   0x080012ac   0x00000002   Code   RO           51    .text.SVC_Handler   stm32wlxx_it.o
    0x080012ae   0x080012ae   0x00000002   PAD
    0x080012b0   0x080012b0   0x0000000e   Code   RO           57    .text.SysTick_Handler  stm32wlxx_it.o
    0x080012be   0x080012be   0x00000002   PAD
    0x080012c0   0x080012c0   0x00000002   Code   RO          588    .text.SystemInit    system_stm32wlxx.o
    0x080012c2   0x080012c2   0x00000002   PAD
    0x080012c4   0x080012c4   0x00000002   Code   RO           49    .text.UsageFault_Handler  stm32wlxx_it.o
    0x080012c6   0x080012c6   0x00000002   PAD
    0x080012c8   0x080012c8   0x0000023a   Code   RO           18    .text.main          main.o
    0x08001502   0x08001502   0x00000002   PAD
    0x08001504   0x08001504   0x0000000c   Data   RO          238    .rodata..L__const.RCC_SetFlashLatency.FLASH_LATENCY_RANGE  stm32wlxx_hal_rcc.o
    0x08001510   0x08001510   0x00000040   Data   RO          593    .rodata.AHBPrescTable  system_stm32wlxx.o
    0x08001550   0x08001550   0x00000040   Data   RO          595    .rodata.MSIRangeTable  system_stm32wlxx.o
    0x08001590   0x08001590   0x00000020   Data   RO          773    Region$$Table       anon$$obj.o


    Execution Region RW_IRAM1 (Exec base: 0x20000000, Load base: 0x080015b0, Size: 0x00000678, Max: 0x00008000, ABSOLUTE)

    Exec Addr    Load Addr    Size         Type   Attr      Idx    E Section Name        Object

    0x20000000   0x080015b0   0x00000008   Data   RW          553    .data..L_MergedGlobals  stm32wlxx_hal.o
    0x20000008   0x080015b8   0x00000004   Data   RW          592    .data.SystemCoreClock  system_stm32wlxx.o
    0x2000000c   0x080015bc   0x00000004   PAD
    0x20000010        -       0x00000060   Zero   RW          638    .bss                c_w.l(libspace.o)
    0x20000070        -       0x00000004   Zero   RW           22    .bss.TimingDelay    main.o
    0x20000074        -       0x00000004   Zero   RW          552    .bss.uwTick         stm32wlxx_hal.o
    0x20000078        -       0x00000200   Zero   RW            3    HEAP                startup_stm32wl55xx_cm4.o
    0x20000278        -       0x00000400   Zero   RW            2    STACK               startup_stm32wl55xx_cm4.o


    Execution Region RW_IRAM2 (Exec base: 0x20008000, Load base: 0x080015c0, Size: 0x00008000, Max: 0x00008000, ABSOLUTE)

    Exec Addr    Load Addr    Size         Type   Attr      Idx    E Section Name        Object

    0x20008000        -       0x00008000   Zero   RW            1    RW_IRAM2.bss        anon$$obj.o


==============================================================================

Image component sizes


      Code (inc. data)   RO Data    RW Data    ZI Data      Debug   Object Name

        78          0          0          0          0       2984   gpio.o
       622          0          0          0          4       6893   main.o
        64         26        312          0       1536        800   startup_stm32wl55xx_cm4.o
       234          0          0          8          4      12494   stm32wlxx_hal.o
       166          0          0          0          0       9962   stm32wlxx_hal_cortex.o
       420          0          0          0          0       4941   stm32wlxx_hal_gpio.o
         2          0          0          0          0        379   stm32wlxx_hal_msp.o
        92          0          0          0          0       5533   stm32wlxx_hal_pwr.o
       162          0          0          0          0      11351   stm32wlxx_hal_pwr_ex.o
      2742          0         12          0          0      17112   stm32wlxx_hal_rcc.o
        30          0          0          0          0       1166   stm32wlxx_it.o
         2          0        128          4          0       2865   system_stm32wlxx.o

    ----------------------------------------------------------------------
      4668         26        484         12      34316      76480   Object Totals
         0          0         32          0      32768          0   (incl. Generated)
        54          0          0          0          4          0   (incl. Padding)

    ----------------------------------------------------------------------

      Code (inc. data)   RO Data    RW Data    ZI Data      Debug   Library Member Name

         8          0          0          0          0         68   __main.o
         0          0          0          0          0          0   __rtentry.o
        12          0          0          0          0          0   __rtentry2.o
         6          0          0          0          0          0   __rtentry4.o
        94          8          0          0          0          0   __scatter.o
        26          0          0          0          0          0   __scatter_copy.o
        28          0          0          0          0          0   __scatter_zi.o
        18          0          0          0          0         80   exit.o
         6          0          0          0          0        152   heapauxi.o
         0          0          0          0          0          0   indicate_semi.o
         2          0          0          0          0          0   libinit.o
         2          0          0          0          0          0   libinit2.o
         2          0          0          0          0          0   libshutdown.o
         2          0          0          0          0          0   libshutdown2.o
         8          4          0          0         96         68   libspace.o
        78          0          0          0          0         80   rt_memclr_w.o
         2          0          0          0          0          0   rtexit.o
        10          0          0          0          0          0   rtexit2.o
        12          4          0          0          0         68   sys_exit.o
        74          0          0          0          0         80   sys_stackheap_outer.o
         2          0          0          0          0         68   use_no_semi.o

    ----------------------------------------------------------------------
       400         16          0          0         96        664   Library Totals
         8          0          0          0          0          0   (incl. Padding)

    ----------------------------------------------------------------------

      Code (inc. data)   RO Data    RW Data    ZI Data      Debug   Library Name

       392         16          0          0         96        664   c_w.l

    ----------------------------------------------------------------------
       400         16          0          0         96        664   Library Totals

    ----------------------------------------------------------------------

==============================================================================


      Code (inc. data)   RO Data    RW Data    ZI Data      Debug   

      5068         42        484         12      34412      76852   Grand Totals
      5068         42        484         12      34412      76852   ELF Image Totals
      5068         42        484         12          0          0   ROM Totals

==============================================================================

    Total RO  Size (Code + RO Data)                 5552 (   5.42kB)
    Total RW  Size (RW Data + ZI Data)             34424 (  33.62kB)
    Total ROM Size (Code + RO Data + RW Data)       5564 (   5.43kB)

==============================================================================

